Log file open, 12/18/25 11:01:48
LogWindows: Failed to load 'aqProf.dll' (GetLastError=126)
LogWindows: File 'aqProf.dll' does not exist
LogWindows: Failed to load 'VtuneApi.dll' (GetLastError=126)
LogWindows: File 'VtuneApi.dll' does not exist
LogWindows: Failed to load 'VtuneApi32e.dll' (GetLastError=126)
LogWindows: File 'VtuneApi32e.dll' does not exist
LogConsoleResponse: Display: Failed to find resolution value strings in scalability ini. Falling back to default.
LogConsoleResponse: Display: Failed to find resolution value strings in scalability ini. Falling back to default.
LogInit: Display: Running engine for game: Mini_laboratory
LogPlatformFile: Not using cached read wrapper
LogTaskGraph: Started task graph with 5 named threads and 23 total threads with 3 sets of task threads.
LogStats: Stats thread started at 0.355905
LogICUInternationalization: ICU TimeZone Detection - Raw Offset: +3:00, Platform Override: ''
LogInit: Display: Loading text-based GConfig....
LogPluginManager: Mounting plugin MeshPainting
LogPluginManager: Mounting plugin XGEController
LogPluginManager: Mounting plugin Paper2D
LogPluginManager: Mounting plugin AISupport
LogPluginManager: Mounting plugin EnvironmentQueryEditor
LogPluginManager: Mounting plugin LiveLink
LogPluginManager: Mounting plugin LightPropagationVolume
LogPluginManager: Mounting plugin CameraShakePreviewer
LogPluginManager: Mounting plugin GameplayCameras
LogPluginManager: Mounting plugin AnimationSharing
LogPluginManager: Mounting plugin AssetManagerEditor
LogPluginManager: Mounting plugin CryptoKeys
LogPluginManager: Mounting plugin CurveEditorTools
LogPluginManager: Mounting plugin DataValidation
LogPluginManager: Mounting plugin GeometryMode
LogPluginManager: Mounting plugin FacialAnimation
LogPluginManager: Mounting plugin GameplayTagsEditor
LogPluginManager: Mounting plugin MacGraphicsSwitching
LogPluginManager: Mounting plugin MaterialAnalyzer
LogPluginManager: Mounting plugin MobileLauncherProfileWizard
LogPluginManager: Mounting plugin SpeedTreeImporter
LogPluginManager: Mounting plugin PluginBrowser
LogPluginManager: Mounting plugin AlembicImporter
LogPluginManager: Mounting plugin AutomationUtils
LogPluginManager: Mounting plugin BackChannel
LogPluginManager: Mounting plugin ChaosCloth
LogPluginManager: Mounting plugin ChaosClothEditor
LogPluginManager: Mounting plugin ChaosEditor
LogPluginManager: Mounting plugin ChaosSolverPlugin
LogPluginManager: Mounting plugin CharacterAI
LogPluginManager: Mounting plugin ChaosNiagara
LogPluginManager: Mounting plugin DatasmithContent
LogPluginManager: Mounting plugin CLionSourceCodeAccess
LogPluginManager: Mounting plugin GeometryCache
LogPluginManager: Mounting plugin GeometryCollectionPlugin
LogPluginManager: Mounting plugin CodeLiteSourceCodeAccess
LogPluginManager: Mounting plugin GitSourceControl
LogPluginManager: Mounting plugin KDevelopSourceCodeAccess
LogPluginManager: Mounting plugin NullSourceCodeAccess
LogPluginManager: Mounting plugin PerforceSourceControl
LogPluginManager: Mounting plugin PixWinPlugin
LogPluginManager: Mounting plugin PlasticSourceControl
LogPluginManager: Mounting plugin PluginUtils
LogPluginManager: Mounting plugin PropertyAccessNode
LogPluginManager: Mounting plugin RiderSourceCodeAccess
LogPluginManager: Mounting plugin VariantManagerContent
LogPluginManager: Mounting plugin SubversionSourceControl
LogPluginManager: Mounting plugin TextureFormatOodle
LogPluginManager: Mounting plugin GeometryProcessing
LogPluginManager: Mounting plugin UObjectPlugin
LogPluginManager: Mounting plugin MotoSynth
LogPluginManager: Mounting plugin VisualStudioCodeSourceCodeAccess
LogPluginManager: Mounting plugin VisualStudioSourceCodeAccess
LogPluginManager: Mounting plugin OpenImageDenoise
LogPluginManager: Mounting plugin XCodeSourceCodeAccess
LogPluginManager: Mounting plugin PlanarCut
LogPluginManager: Mounting plugin PlatformCrypto
LogPluginManager: Mounting plugin ProxyLODPlugin
LogPluginManager: Mounting plugin PythonScriptPlugin
LogPluginManager: Mounting plugin SkeletalReduction
LogPluginManager: Mounting plugin Niagara
LogPluginManager: Mounting plugin LuminPlatformFeatures
LogPluginManager: Mounting plugin MagicLeapLightEstimation
LogPluginManager: Mounting plugin MagicLeap
LogPluginManager: Mounting plugin MagicLeapMedia
LogPluginManager: Mounting plugin MagicLeapPassableWorld
LogPluginManager: Mounting plugin MLSDK
LogPluginManager: Mounting plugin AndroidMedia
LogPluginManager: Mounting plugin AvfMedia
LogPluginManager: Mounting plugin ImgMedia
LogPluginManager: Mounting plugin MediaCompositing
LogPluginManager: Mounting plugin MediaPlayerEditor
LogPluginManager: Mounting plugin WebMMedia
LogPluginManager: Mounting plugin TcpMessaging
LogPluginManager: Mounting plugin WmfMedia
LogPluginManager: Mounting plugin UdpMessaging
LogPluginManager: Mounting plugin ActorSequence
LogPluginManager: Mounting plugin MatineeToLevelSequence
LogPluginManager: Mounting plugin LevelSequenceEditor
LogPluginManager: Mounting plugin TemplateSequence
LogPluginManager: Mounting plugin OnlineSubsystem
LogPluginManager: Mounting plugin OnlineSubsystemNull
LogPluginManager: Mounting plugin OnlineSubsystemUtils
LogPluginManager: Mounting plugin ActorLayerUtilities
LogPluginManager: Mounting plugin AndroidDeviceProfileSelector
LogPluginManager: Mounting plugin LauncherChunkInstaller
LogPluginManager: Mounting plugin AndroidMoviePlayer
LogPluginManager: Mounting plugin AndroidPermission
LogPluginManager: Mounting plugin AppleImageUtils
LogPluginManager: Mounting plugin ArchVisCharacter
LogPluginManager: Mounting plugin AssetTags
LogPluginManager: Mounting plugin AppleMoviePlayer
LogPluginManager: Mounting plugin AudioCapture
LogPluginManager: Mounting plugin AudioSynesthesia
LogPluginManager: Mounting plugin CableComponent
LogPluginManager: Mounting plugin ChunkDownloader
LogPluginManager: Mounting plugin CustomMeshComponent
LogPluginManager: Mounting plugin ExampleDeviceProfileSelector
LogPluginManager: Mounting plugin EditableMesh
LogPluginManager: Mounting plugin GoogleCloudMessaging
LogPluginManager: Mounting plugin GooglePAD
LogPluginManager: Mounting plugin ScreenshotTools
LogPluginManager: Mounting plugin IOSDeviceProfileSelector
LogPluginManager: Mounting plugin LinuxDeviceProfileSelector
LogPluginManager: Mounting plugin LocationServicesBPLibrary
LogPluginManager: Mounting plugin MobilePatchingUtils
LogPluginManager: Mounting plugin OpenXR
LogPluginManager: Mounting plugin OpenXRHandTracking
LogPluginManager: Mounting plugin OpenXREyeTracker
LogPluginManager: Mounting plugin PhysXVehicles
LogPluginManager: Mounting plugin PostSplashScreen
LogPluginManager: Mounting plugin PropertyAccessEditor
LogPluginManager: Mounting plugin ProceduralMeshComponent
LogPluginManager: Mounting plugin RuntimePhysXCooking
LogPluginManager: Mounting plugin SignificanceManager
LogPluginManager: Mounting plugin SoundFields
LogPluginManager: Mounting plugin Synthesis
LogPluginManager: Mounting plugin WebMMoviePlayer
LogPluginManager: Mounting plugin WindowsMoviePlayer
LogPluginManager: Mounting plugin Takes
LogPluginManager: Mounting plugin OodleNetwork
LogPluginManager: Mounting plugin OodleData
LogPluginManager: Mounting plugin ContentBrowserAssetDataSource
LogPluginManager: Mounting plugin ContentBrowserClassDataSource
LogPluginManager: Mounting plugin ContentBrowserFileDataSource
LogPluginManager: Mounting plugin OnlineSubsystemGooglePlay
LogPluginManager: Mounting plugin OnlineSubsystemIOS
LogPluginManager: Mounting plugin OculusVR
LogPluginManager: Mounting plugin SteamVR
PixWinPlugin: PIX capture plugin failed to initialize! Check that the process is launched from PIX.
LogInit: Using libcurl 7.55.1-DEV
LogInit:  - built for x86_64-pc-win32
LogInit:  - supports SSL with OpenSSL/1.1.1
LogInit:  - supports HTTP deflate (compression) using libz 1.2.8
LogInit:  - other features:
LogInit:      CURL_VERSION_SSL
LogInit:      CURL_VERSION_LIBZ
LogInit:      CURL_VERSION_IPV6
LogInit:      CURL_VERSION_ASYNCHDNS
LogInit:      CURL_VERSION_LARGEFILE
LogInit:      CURL_VERSION_IDN
LogInit:  CurlRequestOptions (configurable via config and command line):
LogInit:  - bVerifyPeer = true  - Libcurl will verify peer certificate
LogInit:  - bUseHttpProxy = false  - Libcurl will NOT use HTTP proxy
LogInit:  - bDontReuseConnections = false  - Libcurl will reuse connections
LogInit:  - MaxHostConnections = 16  - Libcurl will limit the number of connections to a host
LogInit:  - LocalHostAddr = Default
LogInit:  - BufferSize = 65536
LogOnline: OSS: Creating online subsystem instance for: NULL
LogInit: WinSock: version 1.1 (2.2), MaxSocks=32767, MaxUdp=65467
LogOnline: OSS: TryLoadSubsystemAndSetDefault: Loaded subsystem for module [NULL]
LogOculusPluginWrapper: OculusPlugin initialized successfully
LogHMD: Failed initializing OVRPlugin 1.59.0
LogInit: Build: ++UE4+Release-4.27-CL-18319896
LogInit: Engine Version: 4.27.2-18319896+++UE4+Release-4.27
LogInit: Compatible Engine Version: 4.27.0-17155196+++UE4+Release-4.27
LogInit: Net CL: 17155196
LogInit: OS: Windows 10 (Release 2009) (), CPU: Intel(R) Core(TM) i5-10300H CPU @ 2.50GHz, GPU: Intel(R) UHD Graphics
LogInit: Compiled (64-bit): Nov 30 2021 07:12:08
LogInit: Compiled with Visual C++: 19.24.28315.00
LogInit: Build Configuration: Development
LogInit: Branch Name: ++UE4+Release-4.27
LogInit: Command Line:  /Game/Workplace/Maps/FirstLevel -game -PIEVIACONSOLE -Multiprocess GameUserSettingsINI=D:/WORKPLACE/Mini_laboratory/MEPhI_VR_term_1/Mini_laboratory/Saved/Config/Windows/PIEGameUserSettings0.ini -MultiprocessSaveConfig -forcepassthrough -messaging -SessionName="Play in Standalone Game" -featureleveles31 -faketouches -MultiprocessSaveConfig -windowed -WinX=0 -WinY=36 SAVEWINPOS=1 -ResX=1910 -ResY=1046
LogInit: Base Directory: D:/Progams on PC/Unreal/UE_4.27/Engine/Binaries/Win64/
LogInit: Allocator: TBB
LogInit: Installed Engine Build: 1
LogDevObjectVersion: Number of dev versions registered: 29
LogDevObjectVersion:   Dev-Blueprints (B0D832E4-1F89-4F0D-ACCF-7EB736FD4AA2): 10
LogDevObjectVersion:   Dev-Build (E1C64328-A22C-4D53-A36C-8E866417BD8C): 0
LogDevObjectVersion:   Dev-Core (375EC13C-06E4-48FB-B500-84F0262A717E): 4
LogDevObjectVersion:   Dev-Editor (E4B068ED-F494-42E9-A231-DA0B2E46BB41): 40
LogDevObjectVersion:   Dev-Framework (CFFC743F-43B0-4480-9391-14DF171D2073): 37
LogDevObjectVersion:   Dev-Mobile (B02B49B5-BB20-44E9-A304-32B752E40360): 3
LogDevObjectVersion:   Dev-Networking (A4E4105C-59A1-49B5-A7C5-40C4547EDFEE): 0
LogDevObjectVersion:   Dev-Online (39C831C9-5AE6-47DC-9A44-9C173E1C8E7C): 0
LogDevObjectVersion:   Dev-Physics (78F01B33-EBEA-4F98-B9B4-84EACCB95AA2): 14
LogDevObjectVersion:   Dev-Platform (6631380F-2D4D-43E0-8009-CF276956A95A): 0
LogDevObjectVersion:   Dev-Rendering (12F88B9F-8875-4AFC-A67C-D90C383ABD29): 45
LogDevObjectVersion:   Dev-Sequencer (7B5AE74C-D270-4C10-A958-57980B212A5A): 13
LogDevObjectVersion:   Dev-VR (D7296918-1DD6-4BDD-9DE2-64A83CC13884): 3
LogDevObjectVersion:   Dev-LoadTimes (C2A15278-BFE7-4AFE-6C17-90FF531DF755): 1
LogDevObjectVersion:   Private-Geometry (6EACA3D4-40EC-4CC1-B786-8BED09428FC5): 3
LogDevObjectVersion:   Dev-AnimPhys (29E575DD-E0A3-4627-9D10-D276232CDCEA): 17
LogDevObjectVersion:   Dev-Anim (AF43A65D-7FD3-4947-9873-3E8ED9C1BB05): 15
LogDevObjectVersion:   Dev-ReflectionCapture (6B266CEC-1EC7-4B8F-A30B-E4D90942FC07): 1
LogDevObjectVersion:   Dev-Automation (0DF73D61-A23F-47EA-B727-89E90C41499A): 1
LogDevObjectVersion:   FortniteMain (601D1886-AC64-4F84-AA16-D3DE0DEAC7D6): 47
LogDevObjectVersion:   FortniteRelease (E7086368-6B23-4C58-8439-1B7016265E91): 1
LogDevObjectVersion:   Dev-Enterprise (9DFFBCD6-494F-0158-E221-12823C92A888): 10
LogDevObjectVersion:   Dev-Niagara (F2AED0AC-9AFE-416F-8664-AA7FFA26D6FC): 1
LogDevObjectVersion:   Dev-Destruction (174F1F0B-B4C6-45A5-B13F-2EE8D0FB917D): 10
LogDevObjectVersion:   Dev-Physics-Ext (35F94A83-E258-406C-A318-09F59610247C): 41
LogDevObjectVersion:   Dev-PhysicsMaterial-Chaos (B68FC16E-8B1B-42E2-B453-215C058844FE): 1
LogDevObjectVersion:   Dev-CineCamera (B2E18506-4273-CFC2-A54E-F4BB758BBA07): 1
LogDevObjectVersion:   Dev-VirtualProduction (64F58936-FD1B-42BA-BA96-7289D5D0FA4E): 1
LogDevObjectVersion:   Dev-MediaFramework (6F0ED827-A609-4895-9C91-998D90180EA4): 2
LogInit: Presizing for max 25165824 objects, including 0 objects not considered by GC, pre-allocating 0 bytes for permanent pool.
LogConfig: Applying CVar settings from Section [/Script/Engine.StreamingSettings] File [D:/WORKPLACE/Mini_laboratory/MEPhI_VR_term_1/Mini_laboratory/Saved/Config/Windows/Engine.ini]
LogConfig: Setting CVar [[s.MinBulkDataSizeForAsyncLoading:131072]]
LogConfig: Setting CVar [[s.AsyncLoadingThreadEnabled:0]]
LogConfig: Setting CVar [[s.EventDrivenLoaderEnabled:1]]
LogConfig: Setting CVar [[s.WarnIfTimeLimitExceeded:0]]
LogConfig: Setting CVar [[s.TimeLimitExceededMultiplier:1.5]]
LogConfig: Setting CVar [[s.TimeLimitExceededMinTime:0.005]]
LogConfig: Setting CVar [[s.UseBackgroundLevelStreaming:1]]
LogConfig: Setting CVar [[s.PriorityAsyncLoadingExtraTime:15.0]]
LogConfig: Setting CVar [[s.LevelStreamingActorsUpdateTimeLimit:5.0]]
LogConfig: Setting CVar [[s.PriorityLevelStreamingActorsUpdateExtraTime:5.0]]
LogConfig: Setting CVar [[s.LevelStreamingComponentsRegistrationGranularity:10]]
LogConfig: Setting CVar [[s.UnregisterComponentsTimeLimit:1.0]]
LogConfig: Setting CVar [[s.LevelStreamingComponentsUnregistrationGranularity:5]]
LogConfig: Setting CVar [[s.FlushStreamingOnExit:1]]
LogInit: Object subsystem initialized
LogConfig: Setting CVar [[con.DebugEarlyDefault:1]]
LogConfig: Setting CVar [[r.setres:1280x720]]
[2025.12.18-08.01.49:397][  0]LogConfig: Setting CVar [[con.DebugEarlyDefault:1]]
[2025.12.18-08.01.49:397][  0]LogConfig: Setting CVar [[r.setres:1280x720]]
[2025.12.18-08.01.49:397][  0]LogConfig: Applying CVar settings from Section [/Script/Engine.RendererSettings] File [D:/WORKPLACE/Mini_laboratory/MEPhI_VR_term_1/Mini_laboratory/Saved/Config/Windows/Engine.ini]
[2025.12.18-08.01.49:397][  0]LogConfig: Setting CVar [[r.GPUCrashDebugging:0]]
[2025.12.18-08.01.49:397][  0]LogConfig: Applying CVar settings from Section [/Script/Engine.RendererOverrideSettings] File [D:/WORKPLACE/Mini_laboratory/MEPhI_VR_term_1/Mini_laboratory/Saved/Config/Windows/Engine.ini]
[2025.12.18-08.01.49:397][  0]LogConfig: Applying CVar settings from Section [/Script/Engine.StreamingSettings] File [D:/WORKPLACE/Mini_laboratory/MEPhI_VR_term_1/Mini_laboratory/Saved/Config/Windows/Engine.ini]
[2025.12.18-08.01.49:397][  0]LogConfig: Setting CVar [[s.MinBulkDataSizeForAsyncLoading:131072]]
[2025.12.18-08.01.49:397][  0]LogConfig: Setting CVar [[s.AsyncLoadingThreadEnabled:0]]
[2025.12.18-08.01.49:397][  0]LogConfig: Setting CVar [[s.EventDrivenLoaderEnabled:1]]
[2025.12.18-08.01.49:397][  0]LogConfig: Setting CVar [[s.WarnIfTimeLimitExceeded:0]]
[2025.12.18-08.01.49:397][  0]LogConfig: Setting CVar [[s.TimeLimitExceededMultiplier:1.5]]
[2025.12.18-08.01.49:398][  0]LogConfig: Setting CVar [[s.TimeLimitExceededMinTime:0.005]]
[2025.12.18-08.01.49:398][  0]LogConfig: Setting CVar [[s.UseBackgroundLevelStreaming:1]]
[2025.12.18-08.01.49:398][  0]LogConfig: Setting CVar [[s.PriorityAsyncLoadingExtraTime:15.0]]
[2025.12.18-08.01.49:398][  0]LogConfig: Setting CVar [[s.LevelStreamingActorsUpdateTimeLimit:5.0]]
[2025.12.18-08.01.49:398][  0]LogConfig: Setting CVar [[s.PriorityLevelStreamingActorsUpdateExtraTime:5.0]]
[2025.12.18-08.01.49:398][  0]LogConfig: Setting CVar [[s.LevelStreamingComponentsRegistrationGranularity:10]]
[2025.12.18-08.01.49:398][  0]LogConfig: Setting CVar [[s.UnregisterComponentsTimeLimit:1.0]]
[2025.12.18-08.01.49:398][  0]LogConfig: Setting CVar [[s.LevelStreamingComponentsUnregistrationGranularity:5]]
[2025.12.18-08.01.49:398][  0]LogConfig: Setting CVar [[s.FlushStreamingOnExit:1]]
[2025.12.18-08.01.49:398][  0]LogConfig: Applying CVar settings from Section [/Script/Engine.GarbageCollectionSettings] File [D:/WORKPLACE/Mini_laboratory/MEPhI_VR_term_1/Mini_laboratory/Saved/Config/Windows/Engine.ini]
[2025.12.18-08.01.49:398][  0]LogConfig: Setting CVar [[gc.MaxObjectsNotConsideredByGC:1]]
[2025.12.18-08.01.49:398][  0]LogConfig: Setting CVar [[gc.SizeOfPermanentObjectPool:0]]
[2025.12.18-08.01.49:398][  0]LogConfig: Setting CVar [[gc.FlushStreamingOnGC:0]]
[2025.12.18-08.01.49:398][  0]LogConfig: Setting CVar [[gc.NumRetriesBeforeForcingGC:10]]
[2025.12.18-08.01.49:398][  0]LogConfig: Setting CVar [[gc.AllowParallelGC:1]]
[2025.12.18-08.01.49:398][  0]LogConfig: Setting CVar [[gc.TimeBetweenPurgingPendingKillObjects:61.1]]
[2025.12.18-08.01.49:398][  0]LogConfig: Setting CVar [[gc.MaxObjectsInEditor:25165824]]
[2025.12.18-08.01.49:398][  0]LogConfig: Setting CVar [[gc.IncrementalBeginDestroyEnabled:1]]
[2025.12.18-08.01.49:398][  0]LogConfig: Setting CVar [[gc.CreateGCClusters:1]]
[2025.12.18-08.01.49:398][  0]LogConfig: Setting CVar [[gc.MinGCClusterSize:5]]
[2025.12.18-08.01.49:398][  0]LogConfig: Setting CVar [[gc.ActorClusteringEnabled:0]]
[2025.12.18-08.01.49:398][  0]LogConfig: Setting CVar [[gc.BlueprintClusteringEnabled:0]]
[2025.12.18-08.01.49:398][  0]LogConfig: Setting CVar [[gc.UseDisregardForGCOnDedicatedServers:0]]
[2025.12.18-08.01.49:398][  0]LogConfig: Setting CVar [[gc.MultithreadedDestructionEnabled:1]]
[2025.12.18-08.01.49:398][  0]LogConfig: Applying CVar settings from Section [/Script/Engine.NetworkSettings] File [D:/WORKPLACE/Mini_laboratory/MEPhI_VR_term_1/Mini_laboratory/Saved/Config/Windows/Engine.ini]
[2025.12.18-08.01.49:398][  0]LogConfig: Applying CVar settings from Section [/Script/UnrealEd.CookerSettings] File [D:/WORKPLACE/Mini_laboratory/MEPhI_VR_term_1/Mini_laboratory/Saved/Config/Windows/Engine.ini]
[2025.12.18-08.01.49:409][  0]LogConfig: Applying CVar settings from Section [ViewDistanceQuality@3] File [D:/WORKPLACE/Mini_laboratory/MEPhI_VR_term_1/Mini_laboratory/Saved/Config/Windows/Scalability.ini]
[2025.12.18-08.01.49:409][  0]LogConfig: Setting CVar [[r.SkeletalMeshLODBias:0]]
[2025.12.18-08.01.49:409][  0]LogConfig: Setting CVar [[r.ViewDistanceScale:1.0]]
[2025.12.18-08.01.49:409][  0]LogConfig: Applying CVar settings from Section [AntiAliasingQuality@3] File [D:/WORKPLACE/Mini_laboratory/MEPhI_VR_term_1/Mini_laboratory/Saved/Config/Windows/Scalability.ini]
[2025.12.18-08.01.49:409][  0]LogConfig: Setting CVar [[r.PostProcessAAQuality:4]]
[2025.12.18-08.01.49:409][  0]LogConfig: Applying CVar settings from Section [ShadowQuality@3] File [D:/WORKPLACE/Mini_laboratory/MEPhI_VR_term_1/Mini_laboratory/Saved/Config/Windows/Scalability.ini]
[2025.12.18-08.01.49:409][  0]LogConfig: Setting CVar [[r.LightFunctionQuality:1]]
[2025.12.18-08.01.49:409][  0]LogConfig: Setting CVar [[r.ShadowQuality:5]]
[2025.12.18-08.01.49:409][  0]LogConfig: Setting CVar [[r.Shadow.CSM.MaxCascades:10]]
[2025.12.18-08.01.49:409][  0]LogConfig: Setting CVar [[r.Shadow.MaxResolution:2048]]
[2025.12.18-08.01.49:409][  0]LogConfig: Setting CVar [[r.Shadow.MaxCSMResolution:2048]]
[2025.12.18-08.01.49:409][  0]LogConfig: Setting CVar [[r.Shadow.RadiusThreshold:0.01]]
[2025.12.18-08.01.49:409][  0]LogConfig: Setting CVar [[r.Shadow.DistanceScale:1.0]]
[2025.12.18-08.01.49:409][  0]LogConfig: Setting CVar [[r.Shadow.CSM.TransitionScale:1.0]]
[2025.12.18-08.01.49:409][  0]LogConfig: Setting CVar [[r.Shadow.PreShadowResolutionFactor:1.0]]
[2025.12.18-08.01.49:409][  0]LogConfig: Setting CVar [[r.DistanceFieldShadowing:1]]
[2025.12.18-08.01.49:409][  0]LogConfig: Setting CVar [[r.DistanceFieldAO:1]]
[2025.12.18-08.01.49:409][  0]LogConfig: Setting CVar [[r.AOQuality:2]]
[2025.12.18-08.01.49:409][  0]LogConfig: Setting CVar [[r.VolumetricFog:1]]
[2025.12.18-08.01.49:409][  0]LogConfig: Setting CVar [[r.VolumetricFog.GridPixelSize:8]]
[2025.12.18-08.01.49:409][  0]LogConfig: Setting CVar [[r.VolumetricFog.GridSizeZ:128]]
[2025.12.18-08.01.49:409][  0]LogConfig: Setting CVar [[r.VolumetricFog.HistoryMissSupersampleCount:4]]
[2025.12.18-08.01.49:409][  0]LogConfig: Setting CVar [[r.LightMaxDrawDistanceScale:1]]
[2025.12.18-08.01.49:409][  0]LogConfig: Setting CVar [[r.CapsuleShadows:1]]
[2025.12.18-08.01.49:409][  0]LogConfig: Applying CVar settings from Section [PostProcessQuality@3] File [D:/WORKPLACE/Mini_laboratory/MEPhI_VR_term_1/Mini_laboratory/Saved/Config/Windows/Scalability.ini]
[2025.12.18-08.01.49:409][  0]LogConfig: Setting CVar [[r.MotionBlurQuality:4]]
[2025.12.18-08.01.49:409][  0]LogConfig: Setting CVar [[r.AmbientOcclusionMipLevelFactor:0.4]]
[2025.12.18-08.01.49:409][  0]LogConfig: Setting CVar [[r.AmbientOcclusionMaxQuality:100]]
[2025.12.18-08.01.49:409][  0]LogConfig: Setting CVar [[r.AmbientOcclusionLevels:-1]]
[2025.12.18-08.01.49:409][  0]LogConfig: Setting CVar [[r.AmbientOcclusionRadiusScale:1.0]]
[2025.12.18-08.01.49:409][  0]LogConfig: Setting CVar [[r.DepthOfFieldQuality:2]]
[2025.12.18-08.01.49:409][  0]LogConfig: Setting CVar [[r.RenderTargetPoolMin:400]]
[2025.12.18-08.01.49:409][  0]LogConfig: Setting CVar [[r.LensFlareQuality:2]]
[2025.12.18-08.01.49:409][  0]LogConfig: Setting CVar [[r.SceneColorFringeQuality:1]]
[2025.12.18-08.01.49:409][  0]LogConfig: Setting CVar [[r.EyeAdaptationQuality:2]]
[2025.12.18-08.01.49:409][  0]LogConfig: Setting CVar [[r.BloomQuality:5]]
[2025.12.18-08.01.49:409][  0]LogConfig: Setting CVar [[r.FastBlurThreshold:100]]
[2025.12.18-08.01.49:409][  0]LogConfig: Setting CVar [[r.Upscale.Quality:3]]
[2025.12.18-08.01.49:409][  0]LogConfig: Setting CVar [[r.Tonemapper.GrainQuantization:1]]
[2025.12.18-08.01.49:410][  0]LogConfig: Setting CVar [[r.LightShaftQuality:1]]
[2025.12.18-08.01.49:410][  0]LogConfig: Setting CVar [[r.Filter.SizeScale:1]]
[2025.12.18-08.01.49:410][  0]LogConfig: Setting CVar [[r.Tonemapper.Quality:5]]
[2025.12.18-08.01.49:410][  0]LogConfig: Setting CVar [[r.DOF.Gather.AccumulatorQuality:1        ; higher gathering accumulator quality]]
[2025.12.18-08.01.49:410][  0]LogConfig: Setting CVar [[r.DOF.Gather.PostfilterMethod:1          ; Median3x3 postfilering method]]
[2025.12.18-08.01.49:410][  0]LogConfig: Setting CVar [[r.DOF.Gather.EnableBokehSettings:0       ; no bokeh simulation when gathering]]
[2025.12.18-08.01.49:410][  0]LogConfig: Setting CVar [[r.DOF.Gather.RingCount:4                 ; medium number of samples when gathering]]
[2025.12.18-08.01.49:410][  0]LogConfig: Setting CVar [[r.DOF.Scatter.ForegroundCompositing:1    ; additive foreground scattering]]
[2025.12.18-08.01.49:410][  0]LogConfig: Setting CVar [[r.DOF.Scatter.BackgroundCompositing:2    ; additive background scattering]]
[2025.12.18-08.01.49:410][  0]LogConfig: Setting CVar [[r.DOF.Scatter.EnableBokehSettings:1      ; bokeh simulation when scattering]]
[2025.12.18-08.01.49:410][  0]LogConfig: Setting CVar [[r.DOF.Scatter.MaxSpriteRatio:0.1         ; only a maximum of 10% of scattered bokeh]]
[2025.12.18-08.01.49:410][  0]LogConfig: Setting CVar [[r.DOF.Recombine.Quality:1                ; cheap slight out of focus]]
[2025.12.18-08.01.49:410][  0]LogConfig: Setting CVar [[r.DOF.Recombine.EnableBokehSettings:0    ; no bokeh simulation on slight out of focus]]
[2025.12.18-08.01.49:410][  0]LogConfig: Setting CVar [[r.DOF.TemporalAAQuality:1                ; more stable temporal accumulation]]
[2025.12.18-08.01.49:410][  0]LogConfig: Setting CVar [[r.DOF.Kernel.MaxForegroundRadius:0.025]]
[2025.12.18-08.01.49:410][  0]LogConfig: Setting CVar [[r.DOF.Kernel.MaxBackgroundRadius:0.025]]
[2025.12.18-08.01.49:410][  0]LogConfig: Applying CVar settings from Section [TextureQuality@3] File [D:/WORKPLACE/Mini_laboratory/MEPhI_VR_term_1/Mini_laboratory/Saved/Config/Windows/Scalability.ini]
[2025.12.18-08.01.49:410][  0]LogConfig: Setting CVar [[r.Streaming.MipBias:0]]
[2025.12.18-08.01.49:410][  0]LogConfig: Setting CVar [[r.Streaming.AmortizeCPUToGPUCopy:0]]
[2025.12.18-08.01.49:410][  0]LogConfig: Setting CVar [[r.Streaming.MaxNumTexturesToStreamPerFrame:0]]
[2025.12.18-08.01.49:410][  0]LogConfig: Setting CVar [[r.Streaming.Boost:1]]
[2025.12.18-08.01.49:410][  0]LogConfig: Setting CVar [[r.MaxAnisotropy:8]]
[2025.12.18-08.01.49:410][  0]LogConfig: Setting CVar [[r.VT.MaxAnisotropy:8]]
[2025.12.18-08.01.49:410][  0]LogConfig: Setting CVar [[r.Streaming.LimitPoolSizeToVRAM:0]]
[2025.12.18-08.01.49:410][  0]LogConfig: Setting CVar [[r.Streaming.PoolSize:1000]]
[2025.12.18-08.01.49:410][  0]LogConfig: Setting CVar [[r.Streaming.MaxEffectiveScreenSize:0]]
[2025.12.18-08.01.49:410][  0]LogConfig: Applying CVar settings from Section [EffectsQuality@3] File [D:/WORKPLACE/Mini_laboratory/MEPhI_VR_term_1/Mini_laboratory/Saved/Config/Windows/Scalability.ini]
[2025.12.18-08.01.49:410][  0]LogConfig: Setting CVar [[r.TranslucencyLightingVolumeDim:64]]
[2025.12.18-08.01.49:410][  0]LogConfig: Setting CVar [[r.RefractionQuality:2]]
[2025.12.18-08.01.49:410][  0]LogConfig: Setting CVar [[r.SSR.Quality:3]]
[2025.12.18-08.01.49:410][  0]LogConfig: Setting CVar [[r.SSR.HalfResSceneColor:0]]
[2025.12.18-08.01.49:410][  0]LogConfig: Setting CVar [[r.SceneColorFormat:4]]
[2025.12.18-08.01.49:410][  0]LogConfig: Setting CVar [[r.DetailMode:2]]
[2025.12.18-08.01.49:410][  0]LogConfig: Setting CVar [[r.TranslucencyVolumeBlur:1]]
[2025.12.18-08.01.49:410][  0]LogConfig: Setting CVar [[r.MaterialQualityLevel:1 ; High quality]]
[2025.12.18-08.01.49:410][  0]LogConfig: Setting CVar [[r.AnisotropicMaterials:1]]
[2025.12.18-08.01.49:410][  0]LogConfig: Setting CVar [[r.SSS.Scale:1]]
[2025.12.18-08.01.49:410][  0]LogConfig: Setting CVar [[r.SSS.SampleSet:2]]
[2025.12.18-08.01.49:410][  0]LogConfig: Setting CVar [[r.SSS.Quality:1]]
[2025.12.18-08.01.49:410][  0]LogConfig: Setting CVar [[r.SSS.HalfRes:0]]
[2025.12.18-08.01.49:410][  0]LogConfig: Setting CVar [[r.SSGI.Quality:3]]
[2025.12.18-08.01.49:410][  0]LogConfig: Setting CVar [[r.EmitterSpawnRateScale:1.0]]
[2025.12.18-08.01.49:410][  0]LogConfig: Setting CVar [[r.ParticleLightQuality:2]]
[2025.12.18-08.01.49:411][  0]LogConfig: Setting CVar [[r.SkyAtmosphere.AerialPerspectiveLUT.FastApplyOnOpaque:1 ; Always have FastSkyLUT 1 in this case to avoid wrong sky]]
[2025.12.18-08.01.49:411][  0]LogConfig: Setting CVar [[r.SkyAtmosphere.AerialPerspectiveLUT.SampleCountMaxPerSlice:4]]
[2025.12.18-08.01.49:411][  0]LogConfig: Setting CVar [[r.SkyAtmosphere.AerialPerspectiveLUT.DepthResolution:16.0]]
[2025.12.18-08.01.49:411][  0]LogConfig: Setting CVar [[r.SkyAtmosphere.FastSkyLUT:1]]
[2025.12.18-08.01.49:411][  0]LogConfig: Setting CVar [[r.SkyAtmosphere.FastSkyLUT.SampleCountMin:4.0]]
[2025.12.18-08.01.49:411][  0]LogConfig: Setting CVar [[r.SkyAtmosphere.FastSkyLUT.SampleCountMax:128.0]]
[2025.12.18-08.01.49:411][  0]LogConfig: Setting CVar [[r.SkyAtmosphere.SampleCountMin:4.0]]
[2025.12.18-08.01.49:411][  0]LogConfig: Setting CVar [[r.SkyAtmosphere.SampleCountMax:128.0]]
[2025.12.18-08.01.49:411][  0]LogConfig: Setting CVar [[r.SkyAtmosphere.TransmittanceLUT.UseSmallFormat:0]]
[2025.12.18-08.01.49:411][  0]LogConfig: Setting CVar [[r.SkyAtmosphere.TransmittanceLUT.SampleCount:10.0]]
[2025.12.18-08.01.49:411][  0]LogConfig: Setting CVar [[r.SkyAtmosphere.MultiScatteringLUT.SampleCount:15.0]]
[2025.12.18-08.01.49:411][  0]LogConfig: Setting CVar [[r.SkyLight.RealTimeReflectionCapture:1]]
[2025.12.18-08.01.49:411][  0]LogConfig: Applying CVar settings from Section [FoliageQuality@3] File [D:/WORKPLACE/Mini_laboratory/MEPhI_VR_term_1/Mini_laboratory/Saved/Config/Windows/Scalability.ini]
[2025.12.18-08.01.49:411][  0]LogConfig: Setting CVar [[foliage.DensityScale:1.0]]
[2025.12.18-08.01.49:411][  0]LogConfig: Setting CVar [[grass.DensityScale:1.0]]
[2025.12.18-08.01.49:411][  0]LogConfig: Applying CVar settings from Section [ShadingQuality@3] File [D:/WORKPLACE/Mini_laboratory/MEPhI_VR_term_1/Mini_laboratory/Saved/Config/Windows/Scalability.ini]
[2025.12.18-08.01.49:411][  0]LogConfig: Setting CVar [[r.HairStrands.SkyLighting.IntegrationType:2]]
[2025.12.18-08.01.49:411][  0]LogConfig: Setting CVar [[r.HairStrands.SkyAO.SampleCount:4]]
[2025.12.18-08.01.49:411][  0]LogConfig: Setting CVar [[r.HairStrands.Visibility.MSAA.SamplePerPixel:4]]
[2025.12.18-08.01.49:411][  0]LogInit: Selected Device Profile: [Windows]
[2025.12.18-08.01.49:411][  0]LogInit: Applying CVar settings loaded from the selected device profile: [Windows]
[2025.12.18-08.01.49:411][  0]LogHAL: Display: Platform has ~ 8 GB [8451309568 / 8589934592 / 8], which maps to Default [LargestMinGB=32, LargerMinGB=12, DefaultMinGB=8, SmallerMinGB=6, SmallestMinGB=0)
[2025.12.18-08.01.49:411][  0]LogInit: Going up to parent DeviceProfile []
[2025.12.18-08.01.49:411][  0]LogConfig: Applying CVar settings from Section [ViewDistanceQuality@3] File [D:/WORKPLACE/Mini_laboratory/MEPhI_VR_term_1/Mini_laboratory/Saved/Config/Windows/Scalability.ini]
[2025.12.18-08.01.49:411][  0]LogConfig: Setting CVar [[r.SkeletalMeshLODBias:0]]
[2025.12.18-08.01.49:411][  0]LogConfig: Setting CVar [[r.ViewDistanceScale:1.0]]
[2025.12.18-08.01.49:411][  0]LogConfig: Applying CVar settings from Section [AntiAliasingQuality@3] File [D:/WORKPLACE/Mini_laboratory/MEPhI_VR_term_1/Mini_laboratory/Saved/Config/Windows/Scalability.ini]
[2025.12.18-08.01.49:411][  0]LogConfig: Setting CVar [[r.PostProcessAAQuality:4]]
[2025.12.18-08.01.49:411][  0]LogConfig: Applying CVar settings from Section [ShadowQuality@3] File [D:/WORKPLACE/Mini_laboratory/MEPhI_VR_term_1/Mini_laboratory/Saved/Config/Windows/Scalability.ini]
[2025.12.18-08.01.49:411][  0]LogConfig: Setting CVar [[r.LightFunctionQuality:1]]
[2025.12.18-08.01.49:411][  0]LogConfig: Setting CVar [[r.ShadowQuality:5]]
[2025.12.18-08.01.49:411][  0]LogConfig: Setting CVar [[r.Shadow.CSM.MaxCascades:10]]
[2025.12.18-08.01.49:411][  0]LogConfig: Setting CVar [[r.Shadow.MaxResolution:2048]]
[2025.12.18-08.01.49:411][  0]LogConfig: Setting CVar [[r.Shadow.MaxCSMResolution:2048]]
[2025.12.18-08.01.49:411][  0]LogConfig: Setting CVar [[r.Shadow.RadiusThreshold:0.01]]
[2025.12.18-08.01.49:411][  0]LogConfig: Setting CVar [[r.Shadow.DistanceScale:1.0]]
[2025.12.18-08.01.49:411][  0]LogConfig: Setting CVar [[r.Shadow.CSM.TransitionScale:1.0]]
[2025.12.18-08.01.49:411][  0]LogConfig: Setting CVar [[r.Shadow.PreShadowResolutionFactor:1.0]]
[2025.12.18-08.01.49:411][  0]LogConfig: Setting CVar [[r.DistanceFieldShadowing:1]]
[2025.12.18-08.01.49:411][  0]LogConfig: Setting CVar [[r.DistanceFieldAO:1]]
[2025.12.18-08.01.49:411][  0]LogConfig: Setting CVar [[r.AOQuality:2]]
[2025.12.18-08.01.49:411][  0]LogConfig: Setting CVar [[r.VolumetricFog:1]]
[2025.12.18-08.01.49:411][  0]LogConfig: Setting CVar [[r.VolumetricFog.GridPixelSize:8]]
[2025.12.18-08.01.49:411][  0]LogConfig: Setting CVar [[r.VolumetricFog.GridSizeZ:128]]
[2025.12.18-08.01.49:412][  0]LogConfig: Setting CVar [[r.VolumetricFog.HistoryMissSupersampleCount:4]]
[2025.12.18-08.01.49:412][  0]LogConfig: Setting CVar [[r.LightMaxDrawDistanceScale:1]]
[2025.12.18-08.01.49:412][  0]LogConfig: Setting CVar [[r.CapsuleShadows:1]]
[2025.12.18-08.01.49:412][  0]LogConfig: Applying CVar settings from Section [PostProcessQuality@3] File [D:/WORKPLACE/Mini_laboratory/MEPhI_VR_term_1/Mini_laboratory/Saved/Config/Windows/Scalability.ini]
[2025.12.18-08.01.49:412][  0]LogConfig: Setting CVar [[r.MotionBlurQuality:4]]
[2025.12.18-08.01.49:412][  0]LogConfig: Setting CVar [[r.AmbientOcclusionMipLevelFactor:0.4]]
[2025.12.18-08.01.49:412][  0]LogConfig: Setting CVar [[r.AmbientOcclusionMaxQuality:100]]
[2025.12.18-08.01.49:412][  0]LogConfig: Setting CVar [[r.AmbientOcclusionLevels:-1]]
[2025.12.18-08.01.49:412][  0]LogConfig: Setting CVar [[r.AmbientOcclusionRadiusScale:1.0]]
[2025.12.18-08.01.49:412][  0]LogConfig: Setting CVar [[r.DepthOfFieldQuality:2]]
[2025.12.18-08.01.49:412][  0]LogConfig: Setting CVar [[r.RenderTargetPoolMin:400]]
[2025.12.18-08.01.49:412][  0]LogConfig: Setting CVar [[r.LensFlareQuality:2]]
[2025.12.18-08.01.49:412][  0]LogConfig: Setting CVar [[r.SceneColorFringeQuality:1]]
[2025.12.18-08.01.49:412][  0]LogConfig: Setting CVar [[r.EyeAdaptationQuality:2]]
[2025.12.18-08.01.49:412][  0]LogConfig: Setting CVar [[r.BloomQuality:5]]
[2025.12.18-08.01.49:412][  0]LogConfig: Setting CVar [[r.FastBlurThreshold:100]]
[2025.12.18-08.01.49:412][  0]LogConfig: Setting CVar [[r.Upscale.Quality:3]]
[2025.12.18-08.01.49:412][  0]LogConfig: Setting CVar [[r.Tonemapper.GrainQuantization:1]]
[2025.12.18-08.01.49:412][  0]LogConfig: Setting CVar [[r.LightShaftQuality:1]]
[2025.12.18-08.01.49:412][  0]LogConfig: Setting CVar [[r.Filter.SizeScale:1]]
[2025.12.18-08.01.49:412][  0]LogConfig: Setting CVar [[r.Tonemapper.Quality:5]]
[2025.12.18-08.01.49:412][  0]LogConfig: Setting CVar [[r.DOF.Gather.AccumulatorQuality:1        ; higher gathering accumulator quality]]
[2025.12.18-08.01.49:412][  0]LogConfig: Setting CVar [[r.DOF.Gather.PostfilterMethod:1          ; Median3x3 postfilering method]]
[2025.12.18-08.01.49:412][  0]LogConfig: Setting CVar [[r.DOF.Gather.EnableBokehSettings:0       ; no bokeh simulation when gathering]]
[2025.12.18-08.01.49:412][  0]LogConfig: Setting CVar [[r.DOF.Gather.RingCount:4                 ; medium number of samples when gathering]]
[2025.12.18-08.01.49:412][  0]LogConfig: Setting CVar [[r.DOF.Scatter.ForegroundCompositing:1    ; additive foreground scattering]]
[2025.12.18-08.01.49:412][  0]LogConfig: Setting CVar [[r.DOF.Scatter.BackgroundCompositing:2    ; additive background scattering]]
[2025.12.18-08.01.49:412][  0]LogConfig: Setting CVar [[r.DOF.Scatter.EnableBokehSettings:1      ; bokeh simulation when scattering]]
[2025.12.18-08.01.49:412][  0]LogConfig: Setting CVar [[r.DOF.Scatter.MaxSpriteRatio:0.1         ; only a maximum of 10% of scattered bokeh]]
[2025.12.18-08.01.49:412][  0]LogConfig: Setting CVar [[r.DOF.Recombine.Quality:1                ; cheap slight out of focus]]
[2025.12.18-08.01.49:412][  0]LogConfig: Setting CVar [[r.DOF.Recombine.EnableBokehSettings:0    ; no bokeh simulation on slight out of focus]]
[2025.12.18-08.01.49:412][  0]LogConfig: Setting CVar [[r.DOF.TemporalAAQuality:1                ; more stable temporal accumulation]]
[2025.12.18-08.01.49:412][  0]LogConfig: Setting CVar [[r.DOF.Kernel.MaxForegroundRadius:0.025]]
[2025.12.18-08.01.49:412][  0]LogConfig: Setting CVar [[r.DOF.Kernel.MaxBackgroundRadius:0.025]]
[2025.12.18-08.01.49:412][  0]LogConfig: Applying CVar settings from Section [TextureQuality@3] File [D:/WORKPLACE/Mini_laboratory/MEPhI_VR_term_1/Mini_laboratory/Saved/Config/Windows/Scalability.ini]
[2025.12.18-08.01.49:412][  0]LogConfig: Setting CVar [[r.Streaming.MipBias:0]]
[2025.12.18-08.01.49:412][  0]LogConfig: Setting CVar [[r.Streaming.AmortizeCPUToGPUCopy:0]]
[2025.12.18-08.01.49:412][  0]LogConfig: Setting CVar [[r.Streaming.MaxNumTexturesToStreamPerFrame:0]]
[2025.12.18-08.01.49:412][  0]LogConfig: Setting CVar [[r.Streaming.Boost:1]]
[2025.12.18-08.01.49:412][  0]LogConfig: Setting CVar [[r.MaxAnisotropy:8]]
[2025.12.18-08.01.49:412][  0]LogConfig: Setting CVar [[r.VT.MaxAnisotropy:8]]
[2025.12.18-08.01.49:412][  0]LogConfig: Setting CVar [[r.Streaming.LimitPoolSizeToVRAM:0]]
[2025.12.18-08.01.49:412][  0]LogConfig: Setting CVar [[r.Streaming.PoolSize:1000]]
[2025.12.18-08.01.49:412][  0]LogConfig: Setting CVar [[r.Streaming.MaxEffectiveScreenSize:0]]
[2025.12.18-08.01.49:412][  0]LogConfig: Applying CVar settings from Section [EffectsQuality@3] File [D:/WORKPLACE/Mini_laboratory/MEPhI_VR_term_1/Mini_laboratory/Saved/Config/Windows/Scalability.ini]
[2025.12.18-08.01.49:412][  0]LogConfig: Setting CVar [[r.TranslucencyLightingVolumeDim:64]]
[2025.12.18-08.01.49:412][  0]LogConfig: Setting CVar [[r.RefractionQuality:2]]
[2025.12.18-08.01.49:412][  0]LogConfig: Setting CVar [[r.SSR.Quality:3]]
[2025.12.18-08.01.49:412][  0]LogConfig: Setting CVar [[r.SSR.HalfResSceneColor:0]]
[2025.12.18-08.01.49:412][  0]LogConfig: Setting CVar [[r.SceneColorFormat:4]]
[2025.12.18-08.01.49:412][  0]LogConfig: Setting CVar [[r.DetailMode:2]]
[2025.12.18-08.01.49:412][  0]LogConfig: Setting CVar [[r.TranslucencyVolumeBlur:1]]
[2025.12.18-08.01.49:412][  0]LogConfig: Setting CVar [[r.MaterialQualityLevel:1 ; High quality]]
[2025.12.18-08.01.49:412][  0]LogConfig: Setting CVar [[r.AnisotropicMaterials:1]]
[2025.12.18-08.01.49:412][  0]LogConfig: Setting CVar [[r.SSS.Scale:1]]
[2025.12.18-08.01.49:412][  0]LogConfig: Setting CVar [[r.SSS.SampleSet:2]]
[2025.12.18-08.01.49:412][  0]LogConfig: Setting CVar [[r.SSS.Quality:1]]
[2025.12.18-08.01.49:412][  0]LogConfig: Setting CVar [[r.SSS.HalfRes:0]]
[2025.12.18-08.01.49:413][  0]LogConfig: Setting CVar [[r.SSGI.Quality:3]]
[2025.12.18-08.01.49:413][  0]LogConfig: Setting CVar [[r.EmitterSpawnRateScale:1.0]]
[2025.12.18-08.01.49:413][  0]LogConfig: Setting CVar [[r.ParticleLightQuality:2]]
[2025.12.18-08.01.49:413][  0]LogConfig: Setting CVar [[r.SkyAtmosphere.AerialPerspectiveLUT.FastApplyOnOpaque:1 ; Always have FastSkyLUT 1 in this case to avoid wrong sky]]
[2025.12.18-08.01.49:413][  0]LogConfig: Setting CVar [[r.SkyAtmosphere.AerialPerspectiveLUT.SampleCountMaxPerSlice:4]]
[2025.12.18-08.01.49:413][  0]LogConfig: Setting CVar [[r.SkyAtmosphere.AerialPerspectiveLUT.DepthResolution:16.0]]
[2025.12.18-08.01.49:413][  0]LogConfig: Setting CVar [[r.SkyAtmosphere.FastSkyLUT:1]]
[2025.12.18-08.01.49:413][  0]LogConfig: Setting CVar [[r.SkyAtmosphere.FastSkyLUT.SampleCountMin:4.0]]
[2025.12.18-08.01.49:413][  0]LogConfig: Setting CVar [[r.SkyAtmosphere.FastSkyLUT.SampleCountMax:128.0]]
[2025.12.18-08.01.49:413][  0]LogConfig: Setting CVar [[r.SkyAtmosphere.SampleCountMin:4.0]]
[2025.12.18-08.01.49:413][  0]LogConfig: Setting CVar [[r.SkyAtmosphere.SampleCountMax:128.0]]
[2025.12.18-08.01.49:413][  0]LogConfig: Setting CVar [[r.SkyAtmosphere.TransmittanceLUT.UseSmallFormat:0]]
[2025.12.18-08.01.49:413][  0]LogConfig: Setting CVar [[r.SkyAtmosphere.TransmittanceLUT.SampleCount:10.0]]
[2025.12.18-08.01.49:413][  0]LogConfig: Setting CVar [[r.SkyAtmosphere.MultiScatteringLUT.SampleCount:15.0]]
[2025.12.18-08.01.49:413][  0]LogConfig: Setting CVar [[r.SkyLight.RealTimeReflectionCapture:1]]
[2025.12.18-08.01.49:413][  0]LogConfig: Applying CVar settings from Section [FoliageQuality@3] File [D:/WORKPLACE/Mini_laboratory/MEPhI_VR_term_1/Mini_laboratory/Saved/Config/Windows/Scalability.ini]
[2025.12.18-08.01.49:413][  0]LogConfig: Setting CVar [[foliage.DensityScale:1.0]]
[2025.12.18-08.01.49:413][  0]LogConfig: Setting CVar [[grass.DensityScale:1.0]]
[2025.12.18-08.01.49:413][  0]LogConfig: Applying CVar settings from Section [ShadingQuality@3] File [D:/WORKPLACE/Mini_laboratory/MEPhI_VR_term_1/Mini_laboratory/Saved/Config/Windows/Scalability.ini]
[2025.12.18-08.01.49:413][  0]LogConfig: Setting CVar [[r.HairStrands.SkyLighting.IntegrationType:2]]
[2025.12.18-08.01.49:413][  0]LogConfig: Setting CVar [[r.HairStrands.SkyAO.SampleCount:4]]
[2025.12.18-08.01.49:413][  0]LogConfig: Setting CVar [[r.HairStrands.Visibility.MSAA.SamplePerPixel:4]]
[2025.12.18-08.01.49:413][  0]LogConfig: Applying CVar settings from Section [Startup] File [../../../Engine/Config/ConsoleVariables.ini]
[2025.12.18-08.01.49:413][  0]LogConfig: Setting CVar [[net.UseAdaptiveNetUpdateFrequency:0]]
[2025.12.18-08.01.49:413][  0]LogConfig: Setting CVar [[p.chaos.AllowCreatePhysxBodies:1]]
[2025.12.18-08.01.49:413][  0]LogConfig: Setting CVar [[fx.SkipVectorVMBackendOptimizations:1]]
[2025.12.18-08.01.49:413][  0]LogConfig: Applying CVar settings from Section [ConsoleVariables] File [D:/WORKPLACE/Mini_laboratory/MEPhI_VR_term_1/Mini_laboratory/Saved/Config/Windows/Engine.ini]
[2025.12.18-08.01.49:413][  0]LogConfig: Applying CVar settings from Section [ConsoleVariables] File [D:/WORKPLACE/Mini_laboratory/MEPhI_VR_term_1/Mini_laboratory/Saved/Config/Windows/Editor.ini]
[2025.12.18-08.01.49:414][  0]LogInit: Computer: LAPTOP-RE3L13LG
[2025.12.18-08.01.49:414][  0]LogInit: User: Vladislav
[2025.12.18-08.01.49:414][  0]LogInit: CPU Page size=4096, Cores=4
[2025.12.18-08.01.49:414][  0]LogInit: High frequency timer resolution =10.000000 MHz
[2025.12.18-08.01.49:414][  0]LogMemory: Memory total: Physical=7.9GB (8GB approx)
[2025.12.18-08.01.49:414][  0]LogMemory: Platform Memory Stats for Windows
[2025.12.18-08.01.49:414][  0]LogMemory: Process Physical Memory: 143.19 MB used, 143.20 MB peak
[2025.12.18-08.01.49:414][  0]LogMemory: Process Virtual Memory: 120.65 MB used, 120.65 MB peak
[2025.12.18-08.01.49:414][  0]LogMemory: Physical Memory: 6298.09 MB used,  1761.71 MB free, 8059.80 MB total
[2025.12.18-08.01.49:414][  0]LogMemory: Virtual Memory: 134209776.00 MB used,  7955.42 MB free, 134217728.00 MB total
[2025.12.18-08.01.49:423][  0]LogWindows: WindowsPlatformFeatures enabled
[2025.12.18-08.01.49:492][  0]LogInit: Physics initialised using underlying interface: PhysX
[2025.12.18-08.01.49:493][  0]LogInit: Using OS detected language (ru-RU).
[2025.12.18-08.01.49:493][  0]LogInit: Using OS detected locale (ru-RU).
[2025.12.18-08.01.49:496][  0]LogTextLocalizationManager: No specific localization for 'ru-RU' exists, so the 'ru' localization will be used.
[2025.12.18-08.01.49:498][  0]LogTextLocalizationResource: LocRes '../../../Engine/Content/Localization/Editor/ru/Editor.locres' could not be opened for reading!
[2025.12.18-08.01.49:499][  0]LogTextLocalizationResource: LocRes '../../../Engine/Content/Localization/EditorTutorials/ru/EditorTutorials.locres' could not be opened for reading!
[2025.12.18-08.01.49:499][  0]LogTextLocalizationResource: LocRes '../../../Engine/Content/Localization/Keywords/ru/Keywords.locres' could not be opened for reading!
[2025.12.18-08.01.49:499][  0]LogTextLocalizationResource: LocRes '../../../Engine/Content/Localization/Category/ru/Category.locres' could not be opened for reading!
[2025.12.18-08.01.49:499][  0]LogTextLocalizationResource: LocRes '../../../Engine/Content/Localization/ToolTips/ru/ToolTips.locres' could not be opened for reading!
[2025.12.18-08.01.49:499][  0]LogTextLocalizationResource: LocRes '../../../Engine/Content/Localization/PropertyNames/ru/PropertyNames.locres' could not be opened for reading!
[2025.12.18-08.01.49:499][  0]LogTextLocalizationResource: LocRes '../../../Engine/Content/Localization/Engine/ru/Engine.locres' could not be opened for reading!
[2025.12.18-08.01.49:525][  0]LogWindowsTextInputMethodSystem: Display: IME system deactivated.
[2025.12.18-08.01.49:562][  0]LogSlate: New Slate User Created.  User Index 0, Is Virtual User: 0
[2025.12.18-08.01.49:562][  0]LogSlate: Slate User Registered.  User Index 0, Is Virtual User: 0
[2025.12.18-08.01.49:580][  0]LogD3D11RHI: Loaded GFSDK_Aftermath_Lib.x64.dll
[2025.12.18-08.01.49:597][  0]LogHMD: Failed to initialize OpenVR with code 110
[2025.12.18-08.01.49:597][  0]LogD3D11RHI: D3D11 min allowed feature level: 11_0
[2025.12.18-08.01.49:597][  0]LogD3D11RHI: D3D11 max allowed feature level: 11_0
[2025.12.18-08.01.49:597][  0]LogD3D11RHI: D3D11 adapters:
[2025.12.18-08.01.49:799][  0]LogD3D11RHI:    0. 'NVIDIA GeForce GTX 1650 Ti' (Feature Level 11_0)
[2025.12.18-08.01.49:799][  0]LogD3D11RHI:       3935/0/4029 MB DedicatedVideo/DedicatedSystem/SharedSystem, Outputs:1, VendorId:0x10de
[2025.12.18-08.01.49:857][  0]LogD3D11RHI:    1. 'Intel(R) UHD Graphics' (Feature Level 11_0)
[2025.12.18-08.01.49:857][  0]LogD3D11RHI:       128/0/4029 MB DedicatedVideo/DedicatedSystem/SharedSystem, Outputs:0, VendorId:0x8086
[2025.12.18-08.01.49:860][  0]LogD3D11RHI:    2. 'Microsoft Basic Render Driver' (Feature Level 11_0)
[2025.12.18-08.01.49:860][  0]LogD3D11RHI:       0/0/4029 MB DedicatedVideo/DedicatedSystem/SharedSystem, Outputs:0, VendorId:0x1414
[2025.12.18-08.01.49:860][  0]LogD3D11RHI: Chosen D3D11 Adapter:
[2025.12.18-08.01.49:860][  0]LogD3D11RHI:     Description : NVIDIA GeForce GTX 1650 Ti
[2025.12.18-08.01.49:860][  0]LogD3D11RHI:     VendorId    : 10de
[2025.12.18-08.01.49:860][  0]LogD3D11RHI:     DeviceId    : 1f95
[2025.12.18-08.01.49:860][  0]LogD3D11RHI:     SubSysId    : 3fa317aa
[2025.12.18-08.01.49:860][  0]LogD3D11RHI:     Revision    : 00a1
[2025.12.18-08.01.49:860][  0]LogD3D11RHI:     DedicatedVideoMemory : 4126146560 bytes
[2025.12.18-08.01.49:860][  0]LogD3D11RHI:     DedicatedSystemMemory : 0 bytes
[2025.12.18-08.01.49:860][  0]LogD3D11RHI:     SharedSystemMemory : 4225654784 bytes
[2025.12.18-08.01.49:860][  0]LogD3D11RHI:     AdapterLuid : 0 74556
[2025.12.18-08.01.49:865][  0]LogD3D11RHI: Creating new Direct3DDevice
[2025.12.18-08.01.49:865][  0]LogD3D11RHI:     GPU DeviceId: 0x1f95 (for the marketing name, search the web for "GPU Device Id")
[2025.12.18-08.01.49:865][  0]LogWindows: EnumDisplayDevices:
[2025.12.18-08.01.49:865][  0]LogWindows:    0. 'Intel(R) UHD Graphics' (P:1 D:1)
[2025.12.18-08.01.49:866][  0]LogWindows:    1. 'Intel(R) UHD Graphics' (P:0 D:0)
[2025.12.18-08.01.49:866][  0]LogWindows:    2. 'Intel(R) UHD Graphics' (P:0 D:0)
[2025.12.18-08.01.49:866][  0]LogWindows:    3. 'NVIDIA GeForce GTX 1650 Ti' (P:0 D:0)
[2025.12.18-08.01.49:866][  0]LogWindows: DebugString: PrimaryIsNotTheChoosenAdapter PrimaryIsNotTheChoosenAdapter PrimaryIsNotTheChoosenAdapter 
[2025.12.18-08.01.49:867][  0]LogD3D11RHI:     Adapter Name: NVIDIA GeForce GTX 1650 Ti
[2025.12.18-08.01.49:867][  0]LogD3D11RHI:   Driver Version: 560.76 (internal:32.0.15.6076, unified:560.76)
[2025.12.18-08.01.49:867][  0]LogD3D11RHI:      Driver Date: 7-23-2024
[2025.12.18-08.01.49:867][  0]LogRHI: Texture pool is 2754 MB (70% of 3935 MB)
[2025.12.18-08.01.49:867][  0]LogD3D11RHI: Creating D3DDevice using adapter:
[2025.12.18-08.01.49:867][  0]LogD3D11RHI:     Description : NVIDIA GeForce GTX 1650 Ti
[2025.12.18-08.01.49:867][  0]LogD3D11RHI:     VendorId    : 10de
[2025.12.18-08.01.49:867][  0]LogD3D11RHI:     DeviceId    : 1f95
[2025.12.18-08.01.49:867][  0]LogD3D11RHI:     SubSysId    : 3fa317aa
[2025.12.18-08.01.49:867][  0]LogD3D11RHI:     Revision    : 00a1
[2025.12.18-08.01.49:867][  0]LogD3D11RHI:     DedicatedVideoMemory : 4126146560 bytes
[2025.12.18-08.01.49:867][  0]LogD3D11RHI:     DedicatedSystemMemory : 0 bytes
[2025.12.18-08.01.49:867][  0]LogD3D11RHI:     SharedSystemMemory : 4225654784 bytes
[2025.12.18-08.01.49:867][  0]LogD3D11RHI:     AdapterLuid : 0 74556
[2025.12.18-08.01.50:010][  0]LogD3D11RHI: RHI has support for 64 bit atomics
[2025.12.18-08.01.50:011][  0]LogD3D11RHI: Async texture creation enabled
[2025.12.18-08.01.50:011][  0]LogD3D11RHI: Array index from any shader is supported
[2025.12.18-08.01.50:028][  0]LogD3D11RHI: GPU Timing Frequency: 1000.000000 (Debug: 2 1)
[2025.12.18-08.01.50:075][  0]LogRHI: GeForceNow SDK initialized: 1
[2025.12.18-08.01.52:531][  0]LogTargetPlatformManager: Display: Loaded TargetPlatform 'WindowsNoEditor'
[2025.12.18-08.01.52:537][  0]LogTargetPlatformManager: Display: Loaded TargetPlatform 'Windows'
[2025.12.18-08.01.52:542][  0]LogTargetPlatformManager: Display: Loaded TargetPlatform 'WindowsClient'
[2025.12.18-08.01.52:546][  0]LogTargetPlatformManager: Display: Loaded TargetPlatform 'WindowsServer'
[2025.12.18-08.01.52:547][  0]LogTargetPlatformManager: Display: Building Assets For Windows
[2025.12.18-08.01.52:555][  0]LogAudioDebug: Display: Lib vorbis DLL was dynamically loaded.
[2025.12.18-08.01.52:588][  0]LogTextureFormatOodle: Display: Oodle Texture 2.9.0 init RDO Off
[2025.12.18-08.01.52:622][  0]LogRendererCore: Ray tracing is disabled. Reason: r.RayTracing=0.
[2025.12.18-08.01.52:622][  0]LogShaderCompilers: Guid format shader working directory is -26 characters bigger than the processId version (../../../../../../WORKPLACE/Mini_laboratory/MEPhI_VR_term_1/Mini_laboratory/Intermediate/Shaders/WorkingDirectory/13848/).
[2025.12.18-08.01.52:622][  0]LogShaderCompilers: Cleaned the shader compiler working directory 'C:/Users/Владислав/AppData/Local/Temp/UnrealShaderWorkingDir/F515426647298CCCA2996398A5C8C8DD/'.
[2025.12.18-08.01.52:622][  0]LogXGEController: Cannot use XGE Controller as Incredibuild is not installed on this machine.
[2025.12.18-08.01.52:622][  0]LogShaderCompilers: Cannot use XGE Shader Compiler as Incredibuild is not installed on this machine.
[2025.12.18-08.01.52:622][  0]LogShaderCompilers: Display: Using Local Shader Compiler.
[2025.12.18-08.01.53:395][  0]LogDerivedDataCache: Display: Max Cache Size: 512 MB
[2025.12.18-08.01.53:457][  0]LogDerivedDataCache: Loaded boot cache 0.06s 94MB C:/Users/Владислав/AppData/Local/UnrealEngine/4.27/DerivedDataCache/Boot.ddc.
[2025.12.18-08.01.53:457][  0]LogDerivedDataCache: Display: Loaded Boot cache: C:/Users/Владислав/AppData/Local/UnrealEngine/4.27/DerivedDataCache/Boot.ddc
[2025.12.18-08.01.53:457][  0]LogDerivedDataCache: FDerivedDataBackendGraph:  Pak pak cache file ../../../../../../WORKPLACE/Mini_laboratory/MEPhI_VR_term_1/Mini_laboratory/DerivedDataCache/DDC.ddp not found, will not use a pak cache.
[2025.12.18-08.01.53:457][  0]LogDerivedDataCache: Unable to find inner node Pak for hierarchical cache Hierarchy.
[2025.12.18-08.01.53:458][  0]LogDerivedDataCache: FDerivedDataBackendGraph:  CompressedPak pak cache file ../../../../../../WORKPLACE/Mini_laboratory/MEPhI_VR_term_1/Mini_laboratory/DerivedDataCache/Compressed.ddp not found, will not use a pak cache.
[2025.12.18-08.01.53:458][  0]LogDerivedDataCache: Unable to find inner node CompressedPak for hierarchical cache Hierarchy.
[2025.12.18-08.01.53:477][  0]LogDerivedDataCache: Display: Pak cache opened for reading ../../../Engine/DerivedDataCache/Compressed.ddp.
[2025.12.18-08.01.53:478][  0]LogDerivedDataCache: FDerivedDataBackendGraph:  EnterprisePak pak cache file ../../../Enterprise/DerivedDataCache/Compressed.ddp not found, will not use a pak cache.
[2025.12.18-08.01.53:478][  0]LogDerivedDataCache: Unable to find inner node EnterprisePak for hierarchical cache Hierarchy.
[2025.12.18-08.01.53:518][  0]LogDerivedDataCache: Speed tests for C:/Users/Владислав/AppData/Local/UnrealEngine/Common/DerivedDataCache took 0.04 seconds
[2025.12.18-08.01.53:518][  0]LogDerivedDataCache: Display: Performance to C:/Users/Владислав/AppData/Local/UnrealEngine/Common/DerivedDataCache: Latency=0.04ms. RandomReadSpeed=452.51MBs, RandomWriteSpeed=24.83MBs. Assigned SpeedClass 'Local'
[2025.12.18-08.01.53:519][  0]LogDerivedDataCache: Using Local data cache path C:/Users/Владислав/AppData/Local/UnrealEngine/Common/DerivedDataCache: Writable
[2025.12.18-08.01.53:519][  0]LogDerivedDataCache: Shared data cache path not found in *engine.ini, will not use an Shared cache.
[2025.12.18-08.01.53:519][  0]LogDerivedDataCache: Unable to find inner node Shared for hierarchical cache Hierarchy.
[2025.12.18-08.01.54:015][  0]LogShaderCompilers: Display: Submitted 690 shader compile jobs with 'High' priority
[2025.12.18-08.01.54:015][  0]LogSlate: Using FreeType 2.10.0
[2025.12.18-08.01.54:016][  0]LogSlate: SlateFontServices - WITH_FREETYPE: 1, WITH_HARFBUZZ: 1
[2025.12.18-08.01.54:626][  0]LogShaderCompilers: Display: Worker (1/5): shaders left to compile 690
[2025.12.18-08.01.54:626][  0]LogShaderCompilers: Display: Worker (2/5): shaders left to compile 680
[2025.12.18-08.01.54:626][  0]LogShaderCompilers: Display: Worker (3/5): shaders left to compile 670
[2025.12.18-08.01.54:626][  0]LogShaderCompilers: Display: Worker (4/5): shaders left to compile 660
[2025.12.18-08.01.54:626][  0]LogShaderCompilers: Display: Worker (5/5): shaders left to compile 650
[2025.12.18-08.01.54:626][  0]LogShaderCompilers: Display: Started 50 'Local' shader compile jobs with 'High' priority
[2025.12.18-08.01.56:304][  0]LogShaderCompilers: Display: Worker (2/5): shaders left to compile 640
[2025.12.18-08.01.56:304][  0]LogShaderCompilers: Display: Started 10 'Local' shader compile jobs with 'High' priority
[2025.12.18-08.01.56:304][  0]LogShaderCompilers: Display: Worker (1/5): shaders left to compile 630
[2025.12.18-08.01.56:304][  0]LogShaderCompilers: Display: Started 10 'Local' shader compile jobs with 'High' priority
[2025.12.18-08.01.56:304][  0]LogShaderCompilers: Display: Worker (3/5): shaders left to compile 620
[2025.12.18-08.01.56:304][  0]LogShaderCompilers: Display: Started 10 'Local' shader compile jobs with 'High' priority
[2025.12.18-08.01.56:304][  0]LogShaderCompilers: Display: Worker (4/5): shaders left to compile 610
[2025.12.18-08.01.56:304][  0]LogShaderCompilers: Display: Started 10 'Local' shader compile jobs with 'High' priority
[2025.12.18-08.01.56:304][  0]LogShaderCompilers: Display: Worker (5/5): shaders left to compile 600
[2025.12.18-08.01.56:304][  0]LogShaderCompilers: Display: Started 10 'Local' shader compile jobs with 'High' priority
[2025.12.18-08.01.57:420][  0]LogShaderCompilers: Display: Worker (3/5): shaders left to compile 590
[2025.12.18-08.01.57:420][  0]LogShaderCompilers: Display: Started 10 'Local' shader compile jobs with 'High' priority
[2025.12.18-08.01.57:420][  0]LogShaderCompilers: Display: Worker (4/5): shaders left to compile 580
[2025.12.18-08.01.57:420][  0]LogShaderCompilers: Display: Worker (5/5): shaders left to compile 570
[2025.12.18-08.01.57:420][  0]LogShaderCompilers: Display: Started 20 'Local' shader compile jobs with 'High' priority
[2025.12.18-08.01.57:420][  0]LogShaderCompilers: Display: Worker (2/5): shaders left to compile 560
[2025.12.18-08.01.57:420][  0]LogShaderCompilers: Display: Started 10 'Local' shader compile jobs with 'High' priority
[2025.12.18-08.01.57:420][  0]LogShaderCompilers: Display: Worker (1/5): shaders left to compile 550
[2025.12.18-08.01.57:420][  0]LogShaderCompilers: Display: Started 10 'Local' shader compile jobs with 'High' priority
[2025.12.18-08.01.57:975][  0]LogShaderCompilers: Display: Worker (3/5): shaders left to compile 540
[2025.12.18-08.01.57:975][  0]LogShaderCompilers: Display: Started 10 'Local' shader compile jobs with 'High' priority
[2025.12.18-08.01.58:530][  0]LogShaderCompilers: Display: Worker (2/5): shaders left to compile 530
[2025.12.18-08.01.58:530][  0]LogShaderCompilers: Display: Worker (5/5): shaders left to compile 520
[2025.12.18-08.01.58:530][  0]LogShaderCompilers: Display: Started 20 'Local' shader compile jobs with 'High' priority
[2025.12.18-08.01.58:530][  0]LogShaderCompilers: Display: Worker (1/5): shaders left to compile 510
[2025.12.18-08.01.58:530][  0]LogShaderCompilers: Display: Worker (4/5): shaders left to compile 500
[2025.12.18-08.01.58:530][  0]LogShaderCompilers: Display: Started 20 'Local' shader compile jobs with 'High' priority
[2025.12.18-08.01.59:641][  0]LogShaderCompilers: Display: Worker (4/5): shaders left to compile 490
[2025.12.18-08.01.59:641][  0]LogShaderCompilers: Display: Started 10 'Local' shader compile jobs with 'High' priority
[2025.12.18-08.01.59:641][  0]LogShaderCompilers: Display: Worker (5/5): shaders left to compile 480
[2025.12.18-08.01.59:641][  0]LogShaderCompilers: Display: Started 10 'Local' shader compile jobs with 'High' priority
[2025.12.18-08.01.59:641][  0]LogShaderCompilers: Display: Worker (1/5): shaders left to compile 470
[2025.12.18-08.01.59:641][  0]LogShaderCompilers: Display: Started 10 'Local' shader compile jobs with 'High' priority
[2025.12.18-08.02.00:200][  0]LogShaderCompilers: Display: Worker (3/5): shaders left to compile 460
[2025.12.18-08.02.00:200][  0]LogShaderCompilers: Display: Started 10 'Local' shader compile jobs with 'High' priority
[2025.12.18-08.02.00:757][  0]LogShaderCompilers: Display: Worker (5/5): shaders left to compile 450
[2025.12.18-08.02.00:757][  0]LogShaderCompilers: Display: Started 10 'Local' shader compile jobs with 'High' priority
[2025.12.18-08.02.00:757][  0]LogShaderCompilers: Display: Worker (4/5): shaders left to compile 440
[2025.12.18-08.02.00:757][  0]LogShaderCompilers: Display: Started 10 'Local' shader compile jobs with 'High' priority
[2025.12.18-08.02.00:757][  0]LogShaderCompilers: Display: Worker (1/5): shaders left to compile 430
[2025.12.18-08.02.00:757][  0]LogShaderCompilers: Display: Started 10 'Local' shader compile jobs with 'High' priority
[2025.12.18-08.02.01:311][  0]LogShaderCompilers: Display: Worker (3/5): shaders left to compile 420
[2025.12.18-08.02.01:311][  0]LogShaderCompilers: Display: Started 10 'Local' shader compile jobs with 'High' priority
[2025.12.18-08.02.02:425][  0]LogShaderCompilers: Display: Worker (2/5): shaders left to compile 410
[2025.12.18-08.02.02:425][  0]LogShaderCompilers: Display: Started 10 'Local' shader compile jobs with 'High' priority
[2025.12.18-08.02.02:425][  0]LogShaderCompilers: Display: Worker (3/5): shaders left to compile 400
[2025.12.18-08.02.02:425][  0]LogShaderCompilers: Display: Started 10 'Local' shader compile jobs with 'High' priority
[2025.12.18-08.02.02:982][  0]LogShaderCompilers: Display: Worker (1/5): shaders left to compile 390
[2025.12.18-08.02.02:982][  0]LogShaderCompilers: Display: Started 10 'Local' shader compile jobs with 'High' priority
[2025.12.18-08.02.02:982][  0]LogShaderCompilers: Display: Worker (4/5): shaders left to compile 380
[2025.12.18-08.02.02:982][  0]LogShaderCompilers: Display: Started 10 'Local' shader compile jobs with 'High' priority
[2025.12.18-08.02.04:095][  0]LogShaderCompilers: Display: Worker (2/5): shaders left to compile 370
[2025.12.18-08.02.04:095][  0]LogShaderCompilers: Display: Started 10 'Local' shader compile jobs with 'High' priority
[2025.12.18-08.02.04:095][  0]LogShaderCompilers: Display: Worker (5/5): shaders left to compile 360
[2025.12.18-08.02.04:095][  0]LogShaderCompilers: Display: Started 10 'Local' shader compile jobs with 'High' priority
[2025.12.18-08.02.04:648][  0]LogShaderCompilers: Display: Worker (1/5): shaders left to compile 350
[2025.12.18-08.02.04:648][  0]LogShaderCompilers: Display: Started 10 'Local' shader compile jobs with 'High' priority
[2025.12.18-08.02.04:648][  0]LogShaderCompilers: Display: Worker (3/5): shaders left to compile 340
[2025.12.18-08.02.04:648][  0]LogShaderCompilers: Display: Worker (4/5): shaders left to compile 330
[2025.12.18-08.02.04:648][  0]LogShaderCompilers: Display: Started 20 'Local' shader compile jobs with 'High' priority
[2025.12.18-08.02.05:760][  0]LogShaderCompilers: Display: Worker (2/5): shaders left to compile 320
[2025.12.18-08.02.05:760][  0]LogShaderCompilers: Display: Started 10 'Local' shader compile jobs with 'High' priority
[2025.12.18-08.02.05:760][  0]LogShaderCompilers: Display: Worker (5/5): shaders left to compile 310
[2025.12.18-08.02.05:760][  0]LogShaderCompilers: Display: Started 10 'Local' shader compile jobs with 'High' priority
[2025.12.18-08.02.05:760][  0]LogShaderCompilers: Display: Worker (3/5): shaders left to compile 300
[2025.12.18-08.02.05:760][  0]LogShaderCompilers: Display: Worker (4/5): shaders left to compile 290
[2025.12.18-08.02.05:760][  0]LogShaderCompilers: Display: Started 20 'Local' shader compile jobs with 'High' priority
[2025.12.18-08.02.05:760][  0]LogShaderCompilers: Display: Worker (1/5): shaders left to compile 280
[2025.12.18-08.02.05:760][  0]LogShaderCompilers: Display: Started 10 'Local' shader compile jobs with 'High' priority
[2025.12.18-08.02.06:878][  0]LogShaderCompilers: Display: Worker (2/5): shaders left to compile 270
[2025.12.18-08.02.06:878][  0]LogShaderCompilers: Display: Started 10 'Local' shader compile jobs with 'High' priority
[2025.12.18-08.02.06:878][  0]LogShaderCompilers: Display: Worker (5/5): shaders left to compile 260
[2025.12.18-08.02.06:878][  0]LogShaderCompilers: Display: Started 10 'Local' shader compile jobs with 'High' priority
[2025.12.18-08.02.07:433][  0]LogShaderCompilers: Display: Worker (4/5): shaders left to compile 250
[2025.12.18-08.02.07:433][  0]LogShaderCompilers: Display: Started 10 'Local' shader compile jobs with 'High' priority
[2025.12.18-08.02.07:433][  0]LogShaderCompilers: Display: Worker (1/5): shaders left to compile 240
[2025.12.18-08.02.07:433][  0]LogShaderCompilers: Display: Started 10 'Local' shader compile jobs with 'High' priority
[2025.12.18-08.02.07:992][  0]LogShaderCompilers: Display: Worker (2/5): shaders left to compile 230
[2025.12.18-08.02.07:992][  0]LogShaderCompilers: Display: Worker (3/5): shaders left to compile 220
[2025.12.18-08.02.07:992][  0]LogShaderCompilers: Display: Started 20 'Local' shader compile jobs with 'High' priority
[2025.12.18-08.02.10:224][  0]LogShaderCompilers: Display: Worker (5/5): shaders left to compile 210
[2025.12.18-08.02.10:224][  0]LogShaderCompilers: Display: Started 10 'Local' shader compile jobs with 'High' priority
[2025.12.18-08.02.11:893][  0]LogShaderCompilers: Display: Worker (3/5): shaders left to compile 200
[2025.12.18-08.02.11:893][  0]LogShaderCompilers: Display: Started 10 'Local' shader compile jobs with 'High' priority
[2025.12.18-08.02.11:893][  0]LogShaderCompilers: Display: Worker (4/5): shaders left to compile 190
[2025.12.18-08.02.11:893][  0]LogShaderCompilers: Display: Started 10 'Local' shader compile jobs with 'High' priority
[2025.12.18-08.02.12:452][  0]LogShaderCompilers: Display: Worker (2/5): shaders left to compile 180
[2025.12.18-08.02.12:452][  0]LogShaderCompilers: Display: Started 10 'Local' shader compile jobs with 'High' priority
[2025.12.18-08.02.13:008][  0]LogShaderCompilers: Display: Worker (1/5): shaders left to compile 170
[2025.12.18-08.02.13:008][  0]LogShaderCompilers: Display: Started 10 'Local' shader compile jobs with 'High' priority
[2025.12.18-08.02.14:678][  0]LogShaderCompilers: Display: Worker (5/5): shaders left to compile 160
[2025.12.18-08.02.14:678][  0]LogShaderCompilers: Display: Started 10 'Local' shader compile jobs with 'High' priority
[2025.12.18-08.02.15:794][  0]LogShaderCompilers: Display: Worker (3/5): shaders left to compile 150
[2025.12.18-08.02.15:794][  0]LogShaderCompilers: Display: Started 10 'Local' shader compile jobs with 'High' priority
[2025.12.18-08.02.16:352][  0]LogShaderCompilers: Display: Worker (1/5): shaders left to compile 140
[2025.12.18-08.02.16:352][  0]LogShaderCompilers: Display: Started 10 'Local' shader compile jobs with 'High' priority
[2025.12.18-08.02.16:352][  0]LogShaderCompilers: Display: Worker (2/5): shaders left to compile 130
[2025.12.18-08.02.16:352][  0]LogShaderCompilers: Display: Started 10 'Local' shader compile jobs with 'High' priority
[2025.12.18-08.02.17:463][  0]LogShaderCompilers: Display: Worker (4/5): shaders left to compile 120
[2025.12.18-08.02.17:463][  0]LogShaderCompilers: Display: Started 10 'Local' shader compile jobs with 'High' priority
[2025.12.18-08.02.19:131][  0]LogShaderCompilers: Display: Worker (3/5): shaders left to compile 110
[2025.12.18-08.02.19:131][  0]LogShaderCompilers: Display: Started 10 'Local' shader compile jobs with 'High' priority
[2025.12.18-08.02.19:131][  0]LogShaderCompilers: Display: Worker (5/5): shaders left to compile 100
[2025.12.18-08.02.19:131][  0]LogShaderCompilers: Display: Started 10 'Local' shader compile jobs with 'High' priority
[2025.12.18-08.02.21:362][  0]LogShaderCompilers: Display: Worker (2/5): shaders left to compile 90
[2025.12.18-08.02.21:362][  0]LogShaderCompilers: Display: Started 10 'Local' shader compile jobs with 'High' priority
[2025.12.18-08.02.21:362][  0]LogShaderCompilers: Display: Worker (1/5): shaders left to compile 80
[2025.12.18-08.02.21:362][  0]LogShaderCompilers: Display: Started 10 'Local' shader compile jobs with 'High' priority
[2025.12.18-08.02.21:918][  0]LogShaderCompilers: Display: Worker (2/5): shaders left to compile 70
[2025.12.18-08.02.21:918][  0]LogShaderCompilers: Display: Started 10 'Local' shader compile jobs with 'High' priority
[2025.12.18-08.02.22:475][  0]LogShaderCompilers: Display: Worker (5/5): shaders left to compile 60
[2025.12.18-08.02.22:475][  0]LogShaderCompilers: Display: Started 10 'Local' shader compile jobs with 'High' priority
[2025.12.18-08.02.23:033][  0]LogShaderCompilers: Display: Worker (2/5): shaders left to compile 50
[2025.12.18-08.02.23:033][  0]LogShaderCompilers: Display: Started 10 'Local' shader compile jobs with 'High' priority
[2025.12.18-08.02.23:590][  0]LogShaderCompilers: Display: Worker (5/5): shaders left to compile 40
[2025.12.18-08.02.23:590][  0]LogShaderCompilers: Display: Started 9 'Local' shader compile jobs with 'High' priority
[2025.12.18-08.02.23:590][  0]LogShaderCompilers: Display: Worker (4/5): shaders left to compile 31
[2025.12.18-08.02.23:590][  0]LogShaderCompilers: Display: Started 7 'Local' shader compile jobs with 'High' priority
[2025.12.18-08.02.24:147][  0]LogShaderCompilers: Display: Worker (2/5): shaders left to compile 24
[2025.12.18-08.02.24:147][  0]LogShaderCompilers: Display: Started 5 'Local' shader compile jobs with 'High' priority
[2025.12.18-08.02.24:705][  0]LogShaderCompilers: Display: Worker (2/5): shaders left to compile 19
[2025.12.18-08.02.24:705][  0]LogShaderCompilers: Display: Worker (4/5): shaders left to compile 15
[2025.12.18-08.02.24:705][  0]LogShaderCompilers: Display: Started 8 'Local' shader compile jobs with 'High' priority
[2025.12.18-08.02.24:705][  0]LogShaderCompilers: Display: Worker (5/5): shaders left to compile 11
[2025.12.18-08.02.24:705][  0]LogShaderCompilers: Display: Started 3 'Local' shader compile jobs with 'High' priority
[2025.12.18-08.02.25:263][  0]LogShaderCompilers: Display: Worker (5/5): shaders left to compile 8
[2025.12.18-08.02.25:263][  0]LogShaderCompilers: Display: Started 2 'Local' shader compile jobs with 'High' priority
[2025.12.18-08.02.25:263][  0]LogShaderCompilers: Display: Worker (2/5): shaders left to compile 6
[2025.12.18-08.02.25:263][  0]LogShaderCompilers: Display: Started 2 'Local' shader compile jobs with 'High' priority
[2025.12.18-08.02.25:263][  0]LogShaderCompilers: Display: Worker (4/5): shaders left to compile 4
[2025.12.18-08.02.25:263][  0]LogShaderCompilers: Display: Started 1 'Local' shader compile jobs with 'High' priority
[2025.12.18-08.02.25:263][  0]LogShaderCompilers: Display: Worker (5/5): shaders left to compile 3
[2025.12.18-08.02.25:263][  0]LogShaderCompilers: Display: Started 1 'Local' shader compile jobs with 'High' priority
[2025.12.18-08.02.25:819][  0]LogShaderCompilers: Display: Worker (4/5): shaders left to compile 2
[2025.12.18-08.02.25:819][  0]LogShaderCompilers: Display: Started 1 'Local' shader compile jobs with 'High' priority
[2025.12.18-08.02.25:819][  0]LogShaderCompilers: Display: Worker (2/5): shaders left to compile 1
[2025.12.18-08.02.25:819][  0]LogShaderCompilers: Display: Started 1 'Local' shader compile jobs with 'High' priority
[2025.12.18-08.02.33:415][  0]LogInit: Using OS detected language (ru-RU).
[2025.12.18-08.02.33:415][  0]LogInit: Using OS detected locale (ru-RU).
[2025.12.18-08.02.33:415][  0]LogTextLocalizationManager: No localization for 'ru-RU' exists, so 'en' will be used for the language.
[2025.12.18-08.02.33:415][  0]LogTextLocalizationManager: No localization for 'ru-RU' exists, so 'en' will be used for the locale.
[2025.12.18-08.02.33:415][  0]LogSlate: FontCache flush requested. Reason: Culture for localization was changed
[2025.12.18-08.02.33:415][  0]LogSlate: FontCache flush requested. Reason: Culture for localization was changed
[2025.12.18-08.02.33:419][  0]LogAssetRegistry: FAssetRegistry took 0.0026 seconds to start up
[2025.12.18-08.02.33:637][  0]LogTextLocalizationManager: Compacting localization data took   0.00ms
[2025.12.18-08.02.33:637][  0]LogPackageLocalizationCache: Processed 27 localized package path(s) for 1 prioritized culture(s) in 0.001953 seconds
[2025.12.18-08.02.33:727][  0]LogInit: Selected Device Profile: [Windows]
[2025.12.18-08.02.33:727][  0]LogInit: Active device profile: [000001D18A329100][000001D1887C2DC0 49] Windows
[2025.12.18-08.02.33:727][  0]LogInit: Profiles: [000001D18A329100][000001D1887C2DC0 49] Windows, [000001D18A2EE400][000001D1887D0F40 49] WindowsNoEditor, [000001D18A32A200][000001D1887D50C0 49] WindowsServer, [000001D18A2ED600][000001D18B155240 49] WindowsClient, [000001D18A329700][000001D18B1593C0 49] IOS, [000001D18A2EE600][000001D18B15D540 49] iPadAir, [000001D18A32BC00][000001D18B1616C0 49] iPadAir2, [000001D18A291400][000001D18B16F980 49] IPadPro, [000001D18A291500][000001D18B1659C0 49] iPadAir3, [000001D18A2EF700][000001D18B179B40 49] iPadAir4, [000001D18A292300][000001D1887C6100 49] iPadMini2, [000001D18A2EEE00][000001D18B17C240 49] iPadMini3, [000001D18A292F00][000001D18B180380 49] iPadMini4, [000001D18A2EDB00][000001D18B188500 49] iPadMini5, [000001D18A2A9000][000001D18B1907C0 49] iPhone6, [000001D18A2A9100][000001D18B18C800 49] iPodTouch6, [000001D18A32B900][000001D18B198AC0 49] iPhone7, [000001D18A32A900][000001D18B194B00 49] iPodTouch7, [000001D18A291000][000001D18B19CC80 49] iPhone5S, [000001D18A32AF00][000001D18B1A0E00 49] iPhone6Plus, [000001D18A293600][000001D18B1A4F80 49] iPhone6S, [000001D18A328C00][000001D18B1A9100 49] iPhone6SPlus, [000001D18A329D00][000001D18B1AD280 49] iPhone7Plus, [000001D18A2A8800][000001D18B1B1400 49] iPhoneSE, [000001D18A328400][000001D18B1B5580 49] iPhone8, [000001D18A2A8900][000001D18B1B9700 49] iPhone8Plus, [000001D18A2AAE00][000001D18B1BD880 49] iPhoneX, [000001D18A291D00][000001D18B1C1A00 49] iPhoneXS, [000001D18A2AA700][000001D18B1C5B80 49] iPhoneXSMax, [000001D18A291C00][000001D18B1C8180 49] iPhoneXR, [000001D18A2AA800][000001D18B1842C0 49] iPhone11, [000001D18A290F00][000001D18B1CC400 49] iPhone11Pro, [000001D18A2A8B00][000001D18B1D0540 49] iPhone11ProMax, [000001D18A290D00][000001D18B1D86C0 49] iPhoneSE2, [000001D18A2A8E00][000001D18B1DC840 49] iPhone12Mini, [000001D18A32B800][000001D18B1E09C0 49] iPhone12, [000001D18A2AB000][000001D18B1E4B40 49] iPhone12Pro, [000001D18A32B700][000001D18B1E8CC0 49] iPhone12ProMax, [000001D18A2A9E00][000001D18B1ECE40 49] iPadPro105, [000001D18A329300][000001D18B1F0FC0 49] iPadPro129, [000001D18A2ABE00][000001D18B1F5140 49] iPadPro97, [000001D18A329C00][000001D18B1F92C0 49] iPadPro2_129, [000001D18A2AA000][000001D18B1FD440 49] iPad5, [000001D18A32A300][000001D18B2115C0 49] iPad6, [000001D18A2ABB00][000001D18B215740 49] iPad7, [000001D18A329E00][000001D18B2198C0 49] iPad8, [000001D18A2AA900][000001D18B21DA40 49] iPadPro11, [000001D18A32A600][000001D18B221BC0 49] iPadPro2_11, [000001D18A2A8F00][000001D18B2241C0 49] iPadPro3_129, [000001D18A328200][000001D18B228340 49] iPadPro4_129, [000001D18A2ABC00][000001D18B1D4480 49] AppleTV, [000001D18A329A00][000001D18B22C5C0 49] AppleTV4K, [000001D18A2AA100][000001D18B230700 49] TVOS, [000001D18A328F00][000001D18B234840 49] Mac, [000001D18A2AAF00][000001D18B23C9C0 49] MacClient, [000001D18A32BE00][000001D18B240B40 49] MacNoEditor, [000001D18A2AAC00][000001D18B244CC0 49] MacServer, [000001D18A32A700][000001D18B248E40 49] Linux, [000001D18A2A8400][000001D18B24CFC0 49] LinuxAArch64, [000001D18A328700][000001D18B251140 49] LinuxNoEditor, [000001D18A2AB700][000001D18B2552C0 49] LinuxAArch64NoEditor, [000001D18A32BB00][000001D18B259440 49] LinuxClient, [000001D18A2AB400][000001D18B25D5C0 49] LinuxAArch64Client, [000001D18A329B00][000001D18B261740 49] LinuxServer, [000001D18A2A8700][000001D18B2658C0 49] LinuxAArch64Server, [000001D18A32B300][000001D18B269A40 49] Android, [000001D18A2AAA00][000001D18B26DBC0 49] Android_Low, [000001D18A32AE00][000001D18B2701C0 49] Android_Mid, [000001D18A2A9F00][000001D18B274340 49] Android_High, [000001D18A329900][000001D18B2784C0 49] Android_Default, [000001D18A2A8100][000001D18B238600 49] Android_Adreno4xx, [000001D18A328600][000001D18B27C740 49] Android_Adreno5xx_Low, [000001D18A2A9400][000001D18B280880 49] Android_Adreno5xx, [000001D18A32B400][000001D18B2849C0 49] Android_Adreno6xx, [000001D18A2AA400][000001D18B28CB40 49] Android_Adreno6xx_Vulkan, [000001D18A32AD00][000001D18B290CC0 49] Android_Mali_T6xx, [000001D18A2A8600][000001D18B294E40 49] Android_Mali_T7xx, [000001D18A328500][000001D18B298FC0 49] Android_Mali_T8xx, [000001D18A2A8200][000001D18B29D140 49] Android_Mali_G71, [000001D18A293100][000001D18B2A12C0 49] Android_Mali_G72, [000001D18A2EEC00][000001D18B2A5440 49] Android_Mali_G72_Vulkan, [000001D18A292B00][000001D18B2A95C0 49] Android_Mali_G76, [000001D18A2EC500][000001D18B2AD740 49] Android_Mali_G76_Vulkan, [000001D18A290C00][000001D18B2B18C0 49] Android_Mali_G77, [000001D18A2EC600][000001D18B2B5A40 49] Android_Mali_G77_Vulkan, [000001D18A292400][000001D18B2B9BC0 49] Android_Mali_G78, [000001D18A2ECD00][000001D18B2BC1C0 49] Android_Mali_G78_Vulkan, [000001D18A293D00][000001D18B2C0340 49] Android_Mali_G710, [000001D18A2EE800][000001D18B2C44C0 49] Android_Mali_G710_Vulkan, [000001D18A292A00][000001D18B2C8640 49] Android_Vulkan_SM5, [000001D18A2ED700][000001D18B2CC7C0 49] Android_PowerVR_G6xxx, [000001D18A290500][000001D18B288900 49] Android_PowerVR_GT7xxx, [000001D18A2EC200][000001D18B2D0A40 49] Android_PowerVR_GE8xxx, [000001D18A293B00][000001D18B2D4B80 49] Android_PowerVR_GM9xxx, [000001D18A2EDE00][000001D18B2DCD00 49] Android_PowerVR_GM9xxx_Vulkan, [000001D18A291F00][000001D18B2E0E80 49] Android_TegraK1, [000001D18A2ECA00][000001D18B2E5000 49] Android_Unknown_Vulkan, [000001D18A293900][000001D18B2E9180 49] Lumin, [000001D18A2ED100][000001D18B2ED300 49] Lumin_Desktop, [000001D18A292000][000001D18B2F1480 49] HoloLens, 
[2025.12.18-08.02.33:839][  0]LogMaterial: Display: Missing cached shadermap for WorldGridMaterial in PCD3D_ES3_1, Default, ES3_1 (DDC key hash: E840969D2D5B4300D0D4534DED98D63934FF389A), compiling. Is special engine material.
[2025.12.18-08.02.34:599][  0]LogShaderCompilers: Display: Submitted 762 shader compile jobs with 'High' priority
[2025.12.18-08.02.35:157][  0]LogShaderCompilers: Display: Worker (1/5): shaders left to compile 762
[2025.12.18-08.02.35:157][  0]LogShaderCompilers: Display: Worker (2/5): shaders left to compile 752
[2025.12.18-08.02.35:157][  0]LogShaderCompilers: Display: Worker (3/5): shaders left to compile 742
[2025.12.18-08.02.35:157][  0]LogShaderCompilers: Display: Worker (4/5): shaders left to compile 732
[2025.12.18-08.02.35:157][  0]LogShaderCompilers: Display: Worker (5/5): shaders left to compile 722
[2025.12.18-08.02.35:157][  0]LogShaderCompilers: Display: Started 50 'Local' shader compile jobs with 'High' priority
[2025.12.18-08.02.39:064][  0]LogShaderCompilers: Display: Worker (3/5): shaders left to compile 712
[2025.12.18-08.02.39:064][  0]LogShaderCompilers: Display: Started 10 'Local' shader compile jobs with 'High' priority
[2025.12.18-08.02.39:064][  0]LogShaderCompilers: Display: Worker (2/5): shaders left to compile 702
[2025.12.18-08.02.39:064][  0]LogShaderCompilers: Display: Started 10 'Local' shader compile jobs with 'High' priority
[2025.12.18-08.02.39:064][  0]LogShaderCompilers: Display: Worker (4/5): shaders left to compile 692
[2025.12.18-08.02.39:064][  0]LogShaderCompilers: Display: Started 10 'Local' shader compile jobs with 'High' priority
[2025.12.18-08.02.39:064][  0]LogShaderCompilers: Display: Worker (1/5): shaders left to compile 682
[2025.12.18-08.02.39:064][  0]LogShaderCompilers: Display: Started 10 'Local' shader compile jobs with 'High' priority
[2025.12.18-08.02.40:182][  0]LogShaderCompilers: Display: Worker (5/5): shaders left to compile 672
[2025.12.18-08.02.40:182][  0]LogShaderCompilers: Display: Started 10 'Local' shader compile jobs with 'High' priority
[2025.12.18-08.02.43:528][  0]LogShaderCompilers: Display: Worker (4/5): shaders left to compile 662
[2025.12.18-08.02.43:528][  0]LogShaderCompilers: Display: Started 10 'Local' shader compile jobs with 'High' priority
[2025.12.18-08.02.44:644][  0]LogShaderCompilers: Display: Worker (3/5): shaders left to compile 652
[2025.12.18-08.02.44:644][  0]LogShaderCompilers: Display: Started 10 'Local' shader compile jobs with 'High' priority
[2025.12.18-08.02.44:644][  0]LogShaderCompilers: Display: Worker (5/5): shaders left to compile 642
[2025.12.18-08.02.44:644][  0]LogShaderCompilers: Display: Started 10 'Local' shader compile jobs with 'High' priority
[2025.12.18-08.02.44:644][  0]LogShaderCompilers: Display: Worker (1/5): shaders left to compile 632
[2025.12.18-08.02.44:644][  0]LogShaderCompilers: Display: Worker (2/5): shaders left to compile 622
[2025.12.18-08.02.44:644][  0]LogShaderCompilers: Display: Started 20 'Local' shader compile jobs with 'High' priority
[2025.12.18-08.02.47:432][  0]LogShaderCompilers: Display: Worker (4/5): shaders left to compile 612
[2025.12.18-08.02.47:432][  0]LogShaderCompilers: Display: Started 10 'Local' shader compile jobs with 'High' priority
[2025.12.18-08.02.48:546][  0]LogShaderCompilers: Display: Worker (3/5): shaders left to compile 602
[2025.12.18-08.02.48:546][  0]LogShaderCompilers: Display: Started 10 'Local' shader compile jobs with 'High' priority
[2025.12.18-08.02.49:661][  0]LogShaderCompilers: Display: Worker (1/5): shaders left to compile 592
[2025.12.18-08.02.49:661][  0]LogShaderCompilers: Display: Started 10 'Local' shader compile jobs with 'High' priority
[2025.12.18-08.02.49:661][  0]LogShaderCompilers: Display: Worker (2/5): shaders left to compile 582
[2025.12.18-08.02.49:661][  0]LogShaderCompilers: Display: Started 10 'Local' shader compile jobs with 'High' priority
[2025.12.18-08.02.49:661][  0]LogShaderCompilers: Display: Worker (5/5): shaders left to compile 572
[2025.12.18-08.02.49:661][  0]LogShaderCompilers: Display: Started 10 'Local' shader compile jobs with 'High' priority
[2025.12.18-08.02.51:334][  0]LogShaderCompilers: Display: Worker (4/5): shaders left to compile 562
[2025.12.18-08.02.51:334][  0]LogShaderCompilers: Display: Started 10 'Local' shader compile jobs with 'High' priority
[2025.12.18-08.02.54:124][  0]LogShaderCompilers: Display: Worker (1/5): shaders left to compile 552
[2025.12.18-08.02.54:124][  0]LogShaderCompilers: Display: Started 10 'Local' shader compile jobs with 'High' priority
[2025.12.18-08.02.54:124][  0]LogShaderCompilers: Display: Worker (2/5): shaders left to compile 542
[2025.12.18-08.02.54:124][  0]LogShaderCompilers: Display: Started 10 'Local' shader compile jobs with 'High' priority
[2025.12.18-08.02.54:683][  0]LogShaderCompilers: Display: Worker (3/5): shaders left to compile 532
[2025.12.18-08.02.54:683][  0]LogShaderCompilers: Display: Started 10 'Local' shader compile jobs with 'High' priority
[2025.12.18-08.02.54:683][  0]LogShaderCompilers: Display: Worker (5/5): shaders left to compile 522
[2025.12.18-08.02.54:683][  0]LogShaderCompilers: Display: Started 10 'Local' shader compile jobs with 'High' priority
[2025.12.18-08.02.59:138][  0]LogShaderCompilers: Display: Worker (4/5): shaders left to compile 512
[2025.12.18-08.02.59:138][  0]LogShaderCompilers: Display: Started 10 'Local' shader compile jobs with 'High' priority
[2025.12.18-08.03.02:485][  0]LogShaderCompilers: Display: Worker (3/5): shaders left to compile 502
[2025.12.18-08.03.02:485][  0]LogShaderCompilers: Display: Started 10 'Local' shader compile jobs with 'High' priority
[2025.12.18-08.03.02:485][  0]LogShaderCompilers: Display: Worker (5/5): shaders left to compile 492
[2025.12.18-08.03.02:485][  0]LogShaderCompilers: Display: Started 10 'Local' shader compile jobs with 'High' priority
[2025.12.18-08.03.03:041][  0]LogShaderCompilers: Display: Worker (1/5): shaders left to compile 482
[2025.12.18-08.03.03:041][  0]LogShaderCompilers: Display: Started 10 'Local' shader compile jobs with 'High' priority
[2025.12.18-08.03.03:041][  0]LogShaderCompilers: Display: Worker (2/5): shaders left to compile 472
[2025.12.18-08.03.03:041][  0]LogShaderCompilers: Display: Started 10 'Local' shader compile jobs with 'High' priority
[2025.12.18-08.03.07:497][  0]LogShaderCompilers: Display: Worker (4/5): shaders left to compile 462
[2025.12.18-08.03.07:497][  0]LogShaderCompilers: Display: Started 10 'Local' shader compile jobs with 'High' priority
[2025.12.18-08.03.08:611][  0]LogShaderCompilers: Display: Worker (2/5): shaders left to compile 452
[2025.12.18-08.03.08:611][  0]LogShaderCompilers: Display: Started 10 'Local' shader compile jobs with 'High' priority
[2025.12.18-08.03.09:169][  0]LogShaderCompilers: Display: Worker (3/5): shaders left to compile 442
[2025.12.18-08.03.09:169][  0]LogShaderCompilers: Display: Worker (5/5): shaders left to compile 432
[2025.12.18-08.03.09:169][  0]LogShaderCompilers: Display: Started 20 'Local' shader compile jobs with 'High' priority
[2025.12.18-08.03.09:730][  0]LogShaderCompilers: Display: Worker (1/5): shaders left to compile 422
[2025.12.18-08.03.09:730][  0]LogShaderCompilers: Display: Started 10 'Local' shader compile jobs with 'High' priority
[2025.12.18-08.03.13:076][  0]LogShaderCompilers: Display: Worker (4/5): shaders left to compile 412
[2025.12.18-08.03.13:076][  0]LogShaderCompilers: Display: Started 10 'Local' shader compile jobs with 'High' priority
[2025.12.18-08.03.15:306][  0]LogShaderCompilers: Display: Worker (3/5): shaders left to compile 402
[2025.12.18-08.03.15:306][  0]LogShaderCompilers: Display: Started 10 'Local' shader compile jobs with 'High' priority
[2025.12.18-08.03.15:863][  0]LogShaderCompilers: Display: Worker (5/5): shaders left to compile 392
[2025.12.18-08.03.15:863][  0]LogShaderCompilers: Display: Started 10 'Local' shader compile jobs with 'High' priority
[2025.12.18-08.03.15:863][  0]LogShaderCompilers: Display: Worker (2/5): shaders left to compile 382
[2025.12.18-08.03.15:863][  0]LogShaderCompilers: Display: Started 10 'Local' shader compile jobs with 'High' priority
[2025.12.18-08.03.15:863][  0]LogShaderCompilers: Display: Worker (1/5): shaders left to compile 372
[2025.12.18-08.03.15:863][  0]LogShaderCompilers: Display: Started 10 'Local' shader compile jobs with 'High' priority
[2025.12.18-08.03.19:768][  0]LogShaderCompilers: Display: Worker (3/5): shaders left to compile 362
[2025.12.18-08.03.19:768][  0]LogShaderCompilers: Display: Started 10 'Local' shader compile jobs with 'High' priority
[2025.12.18-08.03.20:324][  0]LogShaderCompilers: Display: Worker (4/5): shaders left to compile 352
[2025.12.18-08.03.20:324][  0]LogShaderCompilers: Display: Started 10 'Local' shader compile jobs with 'High' priority
[2025.12.18-08.03.20:881][  0]LogShaderCompilers: Display: Worker (2/5): shaders left to compile 342
[2025.12.18-08.03.20:881][  0]LogShaderCompilers: Display: Started 10 'Local' shader compile jobs with 'High' priority
[2025.12.18-08.03.21:438][  0]LogShaderCompilers: Display: Worker (1/5): shaders left to compile 332
[2025.12.18-08.03.21:438][  0]LogShaderCompilers: Display: Started 10 'Local' shader compile jobs with 'High' priority
[2025.12.18-08.03.21:438][  0]LogShaderCompilers: Display: Worker (5/5): shaders left to compile 322
[2025.12.18-08.03.21:438][  0]LogShaderCompilers: Display: Started 10 'Local' shader compile jobs with 'High' priority
[2025.12.18-08.03.24:226][  0]LogShaderCompilers: Display: Worker (3/5): shaders left to compile 312
[2025.12.18-08.03.24:226][  0]LogShaderCompilers: Display: Started 10 'Local' shader compile jobs with 'High' priority
[2025.12.18-08.03.24:784][  0]LogShaderCompilers: Display: Worker (2/5): shaders left to compile 302
[2025.12.18-08.03.24:784][  0]LogShaderCompilers: Display: Started 10 'Local' shader compile jobs with 'High' priority
[2025.12.18-08.03.25:342][  0]LogShaderCompilers: Display: Worker (4/5): shaders left to compile 292
[2025.12.18-08.03.25:342][  0]LogShaderCompilers: Display: Started 10 'Local' shader compile jobs with 'High' priority
[2025.12.18-08.03.26:458][  0]LogShaderCompilers: Display: Worker (5/5): shaders left to compile 282
[2025.12.18-08.03.26:458][  0]LogShaderCompilers: Display: Started 10 'Local' shader compile jobs with 'High' priority
[2025.12.18-08.03.26:458][  0]LogShaderCompilers: Display: Worker (1/5): shaders left to compile 272
[2025.12.18-08.03.26:458][  0]LogShaderCompilers: Display: Started 10 'Local' shader compile jobs with 'High' priority
[2025.12.18-08.03.28:129][  0]LogShaderCompilers: Display: Worker (3/5): shaders left to compile 262
[2025.12.18-08.03.28:129][  0]LogShaderCompilers: Display: Started 10 'Local' shader compile jobs with 'High' priority
[2025.12.18-08.03.28:686][  0]LogShaderCompilers: Display: Worker (2/5): shaders left to compile 252
[2025.12.18-08.03.28:686][  0]LogShaderCompilers: Display: Started 10 'Local' shader compile jobs with 'High' priority
[2025.12.18-08.03.29:242][  0]LogShaderCompilers: Display: Worker (4/5): shaders left to compile 242
[2025.12.18-08.03.29:242][  0]LogShaderCompilers: Display: Started 10 'Local' shader compile jobs with 'High' priority
[2025.12.18-08.03.29:801][  0]LogShaderCompilers: Display: Worker (5/5): shaders left to compile 232
[2025.12.18-08.03.29:801][  0]LogShaderCompilers: Display: Started 10 'Local' shader compile jobs with 'High' priority
[2025.12.18-08.03.31:471][  0]LogShaderCompilers: Display: Worker (1/5): shaders left to compile 222
[2025.12.18-08.03.31:471][  0]LogShaderCompilers: Display: Started 10 'Local' shader compile jobs with 'High' priority
